98.138.19.134 - - [19/Oct/2014:17:05:21 -0700] "GET /logs/access.log HTTP/1.1" 200 80790 "http://buythyroxineonline.over-blog.com" "Mozilla/5.0 (Windows NT 6.1) AppleWebKit/537.36 (KHTML, like Gecko) Chrome/32.0.1700.102 Safari/537.36" "www.bgcsierrablanca.org"
31.184.238.152 - - [19/Oct/2014:17:17:00 -0700] "GET /logs/access.log HTTP/1.0" 200 262 "http://orderolanzapineonlinequickshipping.snack.ws" "Mozilla/5.0 (Windows NT 5.1) AppleWebKit/537.36 (KHTML, like Gecko) Chrome/32.0.1700.102 Safari/537.36" "www.bgcsierrablanca.org"
98.138.19.134 - - [19/Oct/2014:17:22:46 -0700] "GET /logs/access.log HTTP/1.1" 200 534 "http://plavix-buy.soup.io" "Mozilla/5.0 (Windows NT 6.2; WOW64) AppleWebKit/537.36 (KHTML, like Gecko) Chrome/32.0.1700.76 Safari/537.36" "www.bgcsierrablanca.org"
31.184.238.152 - - [19/Oct/2014:17:28:40 -0700] "GET /logs/access.log HTTP/1.0" 200 786 "http://buy-lansoprazole.snack.ws" "Mozilla/5.0 (Windows NT 6.0) AppleWebKit/537.36 (KHTML, like Gecko) Chrome/32.0.1700.107 Safari/537.36" "www.bgcsierrablanca.org"
31.184.238.152 - - [19/Oct/2014:17:34:41 -0700] "GET /logs/access.log HTTP/1.0" 200 1040 "http://buy-captopril-25mg.soup.io" "Mozilla/5.0 (Windows NT 6.1; rv:27.0) Gecko/20100101 Firefox/27.0" "www.bgcsierrablanca.org"
31.184.238.152 - - [19/Oct/2014:17:40:36 -0700] "GET /logs/access.log HTTP/1.0" 200 1259 "http://42felodipine.over-blog.com" "Mozilla/5.0 (Windows NT 6.1; WOW64) AppleWebKit/537.36 (KHTML, like Gecko) Chrome/32.0.1700.107 Safari/537.36 OPR/19.0.1326.63" "www.bgcsierrablanca.org"
31.184.238.152 - - [19/Oct/2014:17:46:25 -0700] "GET /logs/access.log HTTP/1.0" 200 1539 "http://hydroxyurea500mgwv.forumcircle.com" "Mozilla/5.0 (Windows NT 6.1) AppleWebKit/537.36 (KHTML, like Gecko) Chrome/33.0.1750.146 Safari/537.36" "www.bgcsierrablanca.org"
31.184.238.152 - - [19/Oct/2014:17:52:17 -0700] "GET /logs/access.log HTTP/1.0" 200 1803 "http://w38sumycin.forumcircle.com" "Opera/9.80 (Windows NT 6.1; WOW64) Presto/2.12.388 Version/12.15" "www.bgcsierrablanca.org"
31.184.238.152 - - [19/Oct/2014:18:10:08 -0700] "GET /logs/access.log HTTP/1.0" 200 2021 "http://orderrisperdal1mgnoprescription.soup.io" "Mozilla/5.0 (Windows NT 6.1; WOW64) AppleWebKit/537.36 (KHTML, like Gecko) Chrome/32.0.1700.107 Safari/537.36" "www.bgcsierrablanca.org"
31.184.238.152 - - [19/Oct/2014:18:16:08 -0700] "GET /logs/access.log HTTP/1.0" 200 2297 "http://orderpletal50mgie.soup.io" "Mozilla/5.0 (Windows NT 6.3; WOW64) AppleWebKit/537.36 (KHTML, like Gecko) Chrome/33.0.1750.117 Safari/537.36" "www.bgcsierrablanca.org"
208.115.111.66 - - [19/Oct/2014:18:24:21 -0700] "GET /logs/access_140506.log HTTP/1.1" 404 73 "-" "Mozilla/5.0 (compatible; DotBot/1.1; http://www.opensiteexplorer.org/dotbot, help@moz.com)" "www.bgcsierrablanca.org"
208.115.111.66 - - [19/Oct/2014:18:24:20 -0700] "GET /logs/access_140428.log HTTP/1.1" 404 73 "-" "Mozilla/5.0 (compatible; DotBot/1.1; http://www.opensiteexplorer.org/dotbot, help@moz.com)" "www.bgcsierrablanca.org"
208.115.111.66 - - [19/Oct/2014:18:24:21 -0700] "GET /logs/access_140507.log HTTP/1.1" 404 73 "-" "Mozilla/5.0 (compatible; DotBot/1.1; http://www.opensiteexplorer.org/dotbot, help@moz.com)" "www.bgcsierrablanca.org"
208.115.111.66 - - [19/Oct/2014:18:24:21 -0700] "GET /images/?M=A HTTP/1.1" 200 8083 "-" "Mozilla/5.0 (compatible; DotBot/1.1; http://www.opensiteexplorer.org/dotbot, help@moz.com)" "www.bgcsierrablanca.org"
31.184.238.152 - - [19/Oct/2014:18:27:58 -0700] "GET /logs/access.log HTTP/1.0" 200 3418 "http://buy-amoxicillin-500mg-no-prescription.soup.io" "Mozilla/5.0 (Windows NT 5.1; rv:26.0) Gecko/20100101 Firefox/26.0" "www.bgcsierrablanca.org"
31.184.238.152 - - [19/Oct/2014:18:33:54 -0700] "GET /logs/access.log HTTP/1.0" 200 3656 "http://buychloramphenicol250mgsafely.soup.io" "Mozilla/5.0 (Windows NT 6.3; WOW64) AppleWebKit/537.36 (KHTML, like Gecko) Chrome/33.0.1750.146 Safari/537.36" "www.bgcsierrablanca.org"
31.184.238.152 - - [19/Oct/2014:18:39:42 -0700] "GET /logs/access.log HTTP/1.0" 200 3930 "http://order-escitalopram-5mg.snack.ws" "Mozilla/5.0 (Windows NT 6.3; WOW64) AppleWebKit/537.36 (KHTML, like Gecko) Chrome/33.0.1750.146 Safari/537.36" "www.bgcsierrablanca.org"
31.184.238.152 - - [19/Oct/2014:18:45:39 -0700] "GET /logs/access.log HTTP/1.0" 200 4198 "http://tegretol100mgpg.forumcircle.com" "Mozilla/5.0 (Windows NT 6.1; WOW64; rv:26.0) Gecko/20100101 Firefox/26.0" "www.bgcsierrablanca.org"
31.184.238.152 - - [19/Oct/2014:18:51:41 -0700] "GET /logs/access.log HTTP/1.0" 200 4429 "http://buy-cefadroxil-250mg-online-cheap.page.tl" "Mozilla/5.0 (Windows NT 6.3; WOW64) AppleWebKit/537.36 (KHTML, like Gecko) Chrome/33.0.1750.117 Safari/537.36" "www.bgcsierrablanca.org"
31.184.238.152 - - [19/Oct/2014:18:57:41 -0700] "GET /logs/access.log HTTP/1.0" 200 4707 "http://buy-warfarin-without-prescription.snack.ws" "Mozilla/5.0 (Windows NT 6.1) AppleWebKit/537.36 (KHTML, like Gecko) Chrome/33.0.1750.146 Safari/537.36" "www.bgcsierrablanca.org"
31.184.238.152 - - [19/Oct/2014:19:03:43 -0700] "GET /logs/access.log HTTP/1.0" 200 4979 "http://bisacodyl-order-online.snack.ws" "Mozilla/5.0 (Windows NT 6.1) AppleWebKit/537.36 (KHTML, like Gecko) Chrome/33.0.1750.117 Safari/537.36" "www.bgcsierrablanca.org"
98.138.19.151 - - [19/Oct/2014:19:03:45 -0700] "GET /robots.txt HTTP/1.1" 200 46 "-" "Mozilla/5.0 (compatible; bingbot/2.0; +http://www.bing.com/bingbot.htm)" "bgcsierrablanca.org"
31.184.238.152 - - [19/Oct/2014:19:09:43 -0700] "GET /logs/access.log HTTP/1.0" 200 5421 "http://buyclomipramine50mgwithoutprescript.soup.io" "Mozilla/5.0 (Windows NT 6.3; WOW64) AppleWebKit/537.36 (KHTML, like Gecko) Chrome/32.0.1700.102 Safari/537.36" "www.bgcsierrablanca.org"
208.115.113.83 - - [19/Oct/2014:19:14:46 -0700] "GET /robots.txt HTTP/1.1" 200 46 "-" "Mozilla/5.0 (compatible; DotBot/1.1; http://www.opensiteexplorer.org/dotbot, help@moz.com)" "www.bgcsierrablanca.org"
98.138.19.151 - - [19/Oct/2014:19:15:52 -0700] "GET /logs/access.log HTTP/1.1" 200 5906 "http://buy-venlafaxine-75mg.snack.ws" "Mozilla/5.0 (Windows NT 6.3; WOW64) AppleWebKit/537.36 (KHTML, like Gecko) Chrome/32.0.1700.102 Safari/537.36" "www.bgcsierrablanca.org"
31.184.238.152 - - [19/Oct/2014:19:21:46 -0700] "GET /logs/access.log HTTP/1.0" 200 6171 "http://buy-tretinoin-online.snack.ws" "Mozilla/5.0 (Windows NT 6.1; WOW64) AppleWebKit/537.36 (KHTML, like Gecko) Chrome/32.0.1700.76 Safari/537.36" "www.bgcsierrablanca.org"
31.184.238.152 - - [19/Oct/2014:19:27:44 -0700] "GET /logs/access.log HTTP/1.0" 200 6436 "http://repaglinide-buy-no-prescription.snack.ws" "Mozilla/5.0 (Windows NT 6.1) AppleWebKit/537.36 (KHTML, like Gecko) Chrome/33.0.1750.117 Safari/537.36" "www.bgcsierrablanca.org"
98.138.19.151 - - [19/Oct/2014:19:30:06 -0700] "GET /files/Application_for_Employment.pdf HTTP/1.1" 200 98355 "-" "Mozilla/5.0 (compatible; bingbot/2.0; +http://www.bing.com/bingbot.htm)" "bgcsierrablanca.org"
31.184.238.152 - - [19/Oct/2014:19:33:39 -0700] "GET /logs/access.log HTTP/1.0" 200 6916 "http://orderrivastigmine6mgonlinewholesale.soup.io" "Mozilla/5.0 (Windows NT 6.3; WOW64) AppleWebKit/537.36 (KHTML, like Gecko) Chrome/33.0.1750.146 Safari/537.36" "www.bgcsierrablanca.org"
31.184.238.152 - - [19/Oct/2014:19:39:35 -0700] "GET /logs/access.log HTTP/1.0" 200 7196 "http://order-sildenafil-citrate-200mg-cheap.soup.io" "Mozilla/5.0 (Windows NT 6.1) AppleWebKit/537.36 (KHTML, like Gecko) Chrome/30.0.1599.13014 YaBrowser/13.12.1599.13014 Safari/537.36" "www.bgcsierrablanca.org"
31.184.238.152 - - [19/Oct/2014:19:51:46 -0700] "GET /logs/access.log HTTP/1.0" 200 7499 "http://metronidazole-400mg-order-discount.aircus.com" "Mozilla/5.0 (Windows NT 6.1; WOW64) AppleWebKit/537.36 (KHTML, like Gecko) Chrome/33.0.1750.146 Safari/537.36" "www.bgcsierrablanca.org"
98.138.19.151 - - [19/Oct/2014:19:57:59 -0700] "GET /logs/access.log HTTP/1.1" 200 7781 "http://orderzantac150mgwithoutrx.snack.ws" "Mozilla/5.0 (Windows NT 5.1) AppleWebKit/537.36 (KHTML, like Gecko) Chrome/33.0.1750.117 Safari/537.36" "www.bgcsierrablanca.org"
31.184.238.152 - - [19/Oct/2014:20:04:10 -0700] "GET /logs/access.log HTTP/1.0" 200 8044 "http://buysotalol40mgonlinewithoutrx.over-blog.com" "Mozilla/5.0 (Windows NT 6.1; WOW64; rv:26.0) Gecko/20100101 Firefox/26.0" "www.bgcsierrablanca.org"
98.138.19.134 - - [19/Oct/2014:20:16:33 -0700] "GET /logs/access.log HTTP/1.1" 200 8287 "http://elavil-25mg-order-no-prescription.soup.io" "Mozilla/5.0 (Windows NT 5.1; rv:27.0) Gecko/20100101 Firefox/27.0" "www.bgcsierrablanca.org"
31.184.238.152 - - [19/Oct/2014:20:22:39 -0700] "GET /logs/access.log HTTP/1.0" 200 8520 "http://buyglyburidewithoutscript.soup.io" "Mozilla/5.0 (Windows NT 6.1; WOW64; rv:27.0) Gecko/20100101 Firefox/27.0" "www.bgcsierrablanca.org"
31.184.238.152 - - [19/Oct/2014:20:28:36 -0700] "GET /logs/access.log HTTP/1.0" 200 8753 "http://zocoryw2.forumcircle.com" "Mozilla/5.0 (Windows NT 6.3; WOW64; rv:27.0) Gecko/20100101 Firefox/27.0" "www.bgcsierrablanca.org"
98.138.19.151 - - [19/Oct/2014:20:34:42 -0700] "GET /logs/access.log HTTP/1.1" 200 8977 "http://buyquetiapine100mgonline.aircus.com" "Opera/9.80 (Windows NT 6.1; WOW64) Presto/2.12.388 Version/12.16" "www.bgcsierrablanca.org"
31.184.238.152 - - [19/Oct/2014:20:40:44 -0700] "GET /logs/access.log HTTP/1.0" 200 9203 "http://cardura-4mg-buy-no-rx.snack.ws" "Mozilla/5.0 (Windows NT 6.1) AppleWebKit/537.36 (KHTML, like Gecko) Chrome/30.0.1599.12785 YaBrowser/13.12.1599.12785 Safari/537.36" "www.bgcsierrablanca.org"
31.184.238.152 - - [19/Oct/2014:20:46:55 -0700] "GET /logs/access.log HTTP/1.0" 200 9492 "http://buy-vantin-100mg-safely.soup.io" "Mozilla/5.0 (Windows NT 6.1) AppleWebKit/537.36 (KHTML, like Gecko) Chrome/32.0.1700.76 Safari/537.36" "www.bgcsierrablanca.org"
98.138.19.134 - - [19/Oct/2014:20:53:13 -0700] "GET /logs/access.log HTTP/1.1" 200 9752 "http://buy-prazosin-safely.tumblr.com" "Mozilla/5.0 (Windows NT 6.1; WOW64) AppleWebKit/537.36 (KHTML, like Gecko) Chrome/30.0.1599.12785 YaBrowser/13.12.1599.12785 Safari/537.36" "www.bgcsierrablanca.org"
98.138.19.151 - - [19/Oct/2014:20:59:29 -0700] "GET /logs/access.log HTTP/1.1" 200 10047 "http://ilosone-order-safely.snack.ws" "Opera/9.80 (Windows NT 6.1; WOW64) Presto/2.12.388 Version/12.15" "www.bgcsierrablanca.org"
157.55.39.239 - - [19/Oct/2014:21:02:32 -0700] "GET /sitemap.xml HTTP/1.1" 200 217 "-" "Mozilla/5.0 (compatible; bingbot/2.0; +http://www.bing.com/bingbot.htm)" "bgcsierrablanca.org"
31.184.238.152 - - [19/Oct/2014:21:05:53 -0700] "GET /logs/access.log HTTP/1.0" 200 10451 "http://buy-caverta.snack.ws" "Opera/9.80 (Windows NT 6.1; Win64; x64) Presto/2.12.388 Version/12.16" "www.bgcsierrablanca.org"
98.138.19.151 - - [19/Oct/2014:21:09:48 -0700] "GET /robots.txt HTTP/1.1" 200 46 "-" "Mozilla/5.0 (compatible; DotBot/1.1; http://www.opensiteexplorer.org/dotbot, help@moz.com)" "www.bgcsierrablanca.org"
98.138.19.151 - - [19/Oct/2014:21:12:04 -0700] "GET /logs/access.log HTTP/1.1" 200 10873 "http://order-acarbose-online.soup.io" "Mozilla/5.0 (iPad; CPU OS 7_0_4 like Mac OS X) AppleWebKit/537.51.1 (KHTML, like Gecko) Version/7.0 Mobile/11B554a Safari/9537.53" "www.bgcsierrablanca.org"
98.138.19.134 - - [19/Oct/2014:21:18:13 -0700] "GET /logs/access.log HTTP/1.1" 200 11159 "http://zebeta-buy-no-rx.soup.io" "Mozilla/5.0 (Windows NT 6.1; WOW64) AppleWebKit/537.36 (KHTML, like Gecko) Chrome/33.0.1750.117 Safari/537.36 OPR/20.0.1387.64" "www.bgcsierrablanca.org"
31.184.238.152 - - [19/Oct/2014:21:24:21 -0700] "GET /logs/access.log HTTP/1.0" 200 11437 "http://buybicalutamideonline.snack.ws" "Mozilla/5.0 (Windows NT 6.1; WOW64) AppleWebKit/537.36 (KHTML, like Gecko) Chrome/32.0.1700.102 Safari/537.36 OPR/19.0.1326.59" "www.bgcsierrablanca.org"
31.184.238.152 - - [19/Oct/2014:21:30:30 -0700] "GET /logs/access.log HTTP/1.0" 200 11722 "http://orderdesogestrel.over-blog.com" "Mozilla/5.0 (Windows NT 6.1; WOW64) AppleWebKit/537.36 (KHTML, like Gecko) Chrome/31.0.1650.63 Safari/537.36 OPR/18.0.1284.68" "www.bgcsierrablanca.org"
31.184.238.152 - - [19/Oct/2014:21:36:40 -0700] "GET /logs/access.log HTTP/1.0" 200 12006 "http://buyclopidogrel75mg.aircus.com" "Opera/9.80 (Windows NT 6.1; WOW64) Presto/2.12.388 Version/12.16" "www.bgcsierrablanca.org"
31.184.238.152 - - [19/Oct/2014:21:42:37 -0700] "GET /logs/access.log HTTP/1.0" 200 12228 "http://ordermetoclopramide10mgonlinefastdelivery.soup.io" "Mozilla/5.0 (Windows NT 6.1) AppleWebKit/537.36 (KHTML, like Gecko) Chrome/30.0.1599.12785 YaBrowser/13.12.1599.12785 Safari/537.36" "www.bgcsierrablanca.org"
31.184.238.152 - - [19/Oct/2014:21:48:43 -0700] "GET /logs/access.log HTTP/1.0" 200 12537 "http://order-famotidine-20mg-cheap.over-blog.com" "Mozilla/5.0 (Windows NT 5.1) AppleWebKit/537.36 (KHTML, like Gecko) Chrome/33.0.1750.146 Safari/537.36" "www.bgcsierrablanca.org"
31.184.238.152 - - [19/Oct/2014:21:54:46 -0700] "GET /logs/access.log HTTP/1.0" 200 12809 "http://orderlevothyroxine.snack.ws" "Opera/9.80 (Windows NT 6.1; WOW64) Presto/2.12.388 Version/12.15" "www.bgcsierrablanca.org"
31.184.238.152 - - [19/Oct/2014:22:00:56 -0700] "GET /logs/access.log HTTP/1.0" 200 13029 "http://order-finpecia-online.soup.io" "Mozilla/5.0 (Windows NT 5.1; rv:27.0) Gecko/20100101 Firefox/27.0" "www.bgcsierrablanca.org"
31.184.238.152 - - [19/Oct/2014:22:07:01 -0700] "GET /logs/access.log HTTP/1.0" 200 13252 "http://order-inderal.soup.io" "Opera/9.80 (Windows NT 6.1) Presto/2.12.388 Version/12.16" "www.bgcsierrablanca.org"
31.184.238.152 - - [19/Oct/2014:22:13:08 -0700] "GET /logs/access.log HTTP/1.0" 200 13459 "http://buychloramphenicol250mg.snack.ws" "Mozilla/5.0 (Windows NT 5.1) AppleWebKit/537.36 (KHTML, like Gecko) Chrome/32.0.1700.102 Safari/537.36" "www.bgcsierrablanca.org"
31.184.238.152 - - [19/Oct/2014:22:19:19 -0700] "GET /logs/access.log HTTP/1.0" 200 13722 "http://chloramphenicolun.forumcircle.com" "Mozilla/5.0 (Windows NT 6.1) AppleWebKit/537.36 (KHTML, like Gecko) Chrome/32.0.1700.107 Safari/537.36" "www.bgcsierrablanca.org"
31.184.238.152 - - [19/Oct/2014:22:25:22 -0700] "GET /logs/access.log HTTP/1.0" 200 13986 "http://order-doxycycline-online.soup.io" "Mozilla/5.0 (Windows NT 6.3; WOW64) AppleWebKit/537.36 (KHTML, like Gecko) Chrome/33.0.1750.146 Safari/537.36" "www.bgcsierrablanca.org"
208.115.111.66 - - [19/Oct/2014:22:26:18 -0700] "GET /logs/access_140305.log HTTP/1.1" 404 73 "-" "Mozilla/5.0 (compatible; DotBot/1.1; http://www.opensiteexplorer.org/dotbot, help@moz.com)" "www.bgcsierrablanca.org"
208.115.111.66 - - [19/Oct/2014:22:26:18 -0700] "GET /logs/access_140304.log HTTP/1.1" 404 73 "-" "Mozilla/5.0 (compatible; DotBot/1.1; http://www.opensiteexplorer.org/dotbot, help@moz.com)" "www.bgcsierrablanca.org"
208.115.111.66 - - [19/Oct/2014:22:26:18 -0700] "GET /tmp/?M=A HTTP/1.1" 200 960 "-" "Mozilla/5.0 (compatible; DotBot/1.1; http://www.opensiteexplorer.org/dotbot, help@moz.com)" "www.bgcsierrablanca.org"
31.184.238.152 - - [19/Oct/2014:22:31:32 -0700] "GET /logs/access.log HTTP/1.0" 200 14894 "http://perindopril-4mg-order.over-blog.com" "Mozilla/5.0 (Windows NT 6.1) AppleWebKit/537.36 (KHTML, like Gecko) Chrome/30.0.1599.13014 YaBrowser/13.12.1599.13014 Safari/537.36" "www.bgcsierrablanca.org"
31.184.238.152 - - [19/Oct/2014:22:43:36 -0700] "GET /logs/access.log HTTP/1.0" 200 15189 "http://carbidopa-levodopa-buy-cheap.soup.io" "Mozilla/5.0 (Windows NT 5.1) AppleWebKit/537.36 (KHTML, like Gecko) Chrome/32.0.1700.76 Safari/537.36" "www.bgcsierrablanca.org"
157.55.39.43 - - [19/Oct/2014:22:45:21 -0700] "GET / HTTP/1.1" 200 2368 "-" "Mozilla/5.0 (compatible; bingbot/2.0; +http://www.bing.com/bingbot.htm)" "bgcsierrablanca.org"
199.30.24.30 - - [19/Oct/2014:22:45:27 -0700] "GET /sitebuilder/images/navbar-3-inactive-71437.png HTTP/1.1" 200 896 "http://bgcsierrablanca.org/" "Mozilla/5.0 (Windows NT 6.1; WOW64) AppleWebKit/534+ (KHTML, like Gecko) BingPreview/1.0b" "bgcsierrablanca.org"
199.30.24.30 - - [19/Oct/2014:22:45:27 -0700] "GET /sitebuilder/images/navbar-0-active-82156.png HTTP/1.1" 200 717 "http://bgcsierrablanca.org/" "Mozilla/5.0 (Windows NT 6.1; WOW64) AppleWebKit/534+ (KHTML, like Gecko) BingPreview/1.0b" "bgcsierrablanca.org"
199.30.24.30 - - [19/Oct/2014:22:45:27 -0700] "GET /sitebuilder/images/navbar-2-inactive-12062.png HTTP/1.1" 200 759 "http://bgcsierrablanca.org/" "Mozilla/5.0 (Windows NT 6.1; WOW64) AppleWebKit/534+ (KHTML, like Gecko) BingPreview/1.0b" "bgcsierrablanca.org"
199.30.24.30 - - [19/Oct/2014:22:45:27 -0700] "GET /sitebuilder/images/navbar-1-inactive-11921.png HTTP/1.1" 200 813 "http://bgcsierrablanca.org/" "Mozilla/5.0 (Windows NT 6.1; WOW64) AppleWebKit/534+ (KHTML, like Gecko) BingPreview/1.0b" "bgcsierrablanca.org"
199.30.24.30 - - [19/Oct/2014:22:45:28 -0700] "GET /sitebuilder/images/navbar-5-inactive-37281.png HTTP/1.1" 200 753 "http://bgcsierrablanca.org/" "Mozilla/5.0 (Windows NT 6.1; WOW64) AppleWebKit/534+ (KHTML, like Gecko) BingPreview/1.0b" "bgcsierrablanca.org"
199.30.24.30 - - [19/Oct/2014:22:45:28 -0700] "GET /sitebuilder/images/navbar-6-inactive-76187.png HTTP/1.1" 200 681 "http://bgcsierrablanca.org/" "Mozilla/5.0 (Windows NT 6.1; WOW64) AppleWebKit/534+ (KHTML, like Gecko) BingPreview/1.0b" "bgcsierrablanca.org"
199.30.24.30 - - [19/Oct/2014:22:45:28 -0700] "GET /sitebuilder/images/navbar-4-inactive-76468.png HTTP/1.1" 200 853 "http://bgcsierrablanca.org/" "Mozilla/5.0 (Windows NT 6.1; WOW64) AppleWebKit/534+ (KHTML, like Gecko) BingPreview/1.0b" "bgcsierrablanca.org"
199.30.24.30 - - [19/Oct/2014:22:45:28 -0700] "GET /sitebuilder/images/navbar-7-inactive-35843.png HTTP/1.1" 200 774 "http://bgcsierrablanca.org/" "Mozilla/5.0 (Windows NT 6.1; WOW64) AppleWebKit/534+ (KHTML, like Gecko) BingPreview/1.0b" "bgcsierrablanca.org"
199.30.24.30 - - [19/Oct/2014:22:45:28 -0700] "GET /sitebuilder/images/navbar-10-inactive-93046.png HTTP/1.1" 200 862 "http://bgcsierrablanca.org/" "Mozilla/5.0 (Windows NT 6.1; WOW64) AppleWebKit/534+ (KHTML, like Gecko) BingPreview/1.0b" "bgcsierrablanca.org"
199.30.24.30 - - [19/Oct/2014:22:45:28 -0700] "GET /sitebuilder/images/navbar-9-inactive-11281.png HTTP/1.1" 200 811 "http://bgcsierrablanca.org/" "Mozilla/5.0 (Windows NT 6.1; WOW64) AppleWebKit/534+ (KHTML, like Gecko) BingPreview/1.0b" "bgcsierrablanca.org"
199.30.24.30 - - [19/Oct/2014:22:45:28 -0700] "GET /sitebuilder/images/navbar-8-inactive-18203.png HTTP/1.1" 200 854 "http://bgcsierrablanca.org/" "Mozilla/5.0 (Windows NT 6.1; WOW64) AppleWebKit/534+ (KHTML, like Gecko) BingPreview/1.0b" "bgcsierrablanca.org"
199.30.24.30 - - [19/Oct/2014:22:45:29 -0700] "GET /sitebuilder/images/poster1-center-001-165x104.jpg HTTP/1.1" 200 5971 "http://bgcsierrablanca.org/" "Mozilla/5.0 (Windows NT 6.1; WOW64) AppleWebKit/534+ (KHTML, like Gecko) BingPreview/1.0b" "bgcsierrablanca.org"
199.30.24.30 - - [19/Oct/2014:22:45:29 -0700] "GET /sitebuilder/images/minds_under_construction-105x105.jpg HTTP/1.1" 200 3781 "http://bgcsierrablanca.org/" "Mozilla/5.0 (Windows NT 6.1; WOW64) AppleWebKit/534+ (KHTML, like Gecko) BingPreview/1.0b" "bgcsierrablanca.org"
199.30.24.30 - - [19/Oct/2014:22:45:29 -0700] "GET /sitebuilder/images/BGCA_GFSH_VERT_CLR-530x173.jpg HTTP/1.1" 200 15035 "http://bgcsierrablanca.org/" "Mozilla/5.0 (Windows NT 6.1; WOW64) AppleWebKit/534+ (KHTML, like Gecko) BingPreview/1.0b" "bgcsierrablanca.org"
199.30.24.30 - - [19/Oct/2014:22:45:29 -0700] "GET /sitebuilder/images/thumbnail-112x108.jpg HTTP/1.1" 200 5293 "http://bgcsierrablanca.org/" "Mozilla/5.0 (Windows NT 6.1; WOW64) AppleWebKit/534+ (KHTML, like Gecko) BingPreview/1.0b" "bgcsierrablanca.org"
157.55.39.7 - - [19/Oct/2014:22:48:57 -0700] "GET /robots.txt HTTP/1.1" 200 62 "-" "Mozilla/5.0 (compatible; bingbot/2.0; +http://www.bing.com/bingbot.htm)" "bgcsierrablanca.org"
157.55.39.7 - - [19/Oct/2014:22:48:57 -0700] "GET /robots.txt HTTP/1.1" 200 62 "-" "Mozilla/5.0 (compatible; bingbot/2.0; +http://www.bing.com/bingbot.htm)" "bgcsierrablanca.org"
157.55.39.7 - - [19/Oct/2014:22:48:57 -0700] "GET /robots.txt HTTP/1.1" 200 62 "-" "Mozilla/5.0 (compatible; bingbot/2.0; +http://www.bing.com/bingbot.htm)" "bgcsierrablanca.org"
157.55.39.7 - - [19/Oct/2014:22:48:58 -0700] "GET /robots.txt HTTP/1.1" 200 62 "-" "Mozilla/5.0 (compatible; bingbot/2.0; +http://www.bing.com/bingbot.htm)" "bgcsierrablanca.org"
157.55.39.7 - - [19/Oct/2014:22:48:58 -0700] "GET /robots.txt HTTP/1.1" 200 544 "-" "Mozilla/5.0 (compatible; bingbot/2.0; +http://www.bing.com/bingbot.htm)" "bgcsierrablanca.org"
157.55.39.7 - - [19/Oct/2014:22:48:58 -0700] "GET /robots.txt HTTP/1.1" 200 544 "-" "Mozilla/5.0 (compatible; bingbot/2.0; +http://www.bing.com/bingbot.htm)" "bgcsierrablanca.org"
157.55.39.7 - - [19/Oct/2014:22:48:58 -0700] "GET /robots.txt HTTP/1.1" 200 62 "-" "Mozilla/5.0 (compatible; bingbot/2.0; +http://www.bing.com/bingbot.htm)" "bgcsierrablanca.org"
157.55.39.7 - - [19/Oct/2014:22:48:58 -0700] "GET /robots.txt HTTP/1.1" 200 62 "-" "Mozilla/5.0 (compatible; bingbot/2.0; +http://www.bing.com/bingbot.htm)" "bgcsierrablanca.org"
98.138.19.134 - - [19/Oct/2014:22:49:42 -0700] "GET /logs/access.log HTTP/1.1" 200 20989 "http://duricef250mgp90.forumcircle.com" "Mozilla/5.0 (Windows NT 5.1; rv:27.0) Gecko/20100101 Firefox/27.0" "www.bgcsierrablanca.org"
31.184.238.152 - - [19/Oct/2014:22:55:44 -0700] "GET /logs/access.log HTTP/1.0" 200 21213 "http://orderprochlorperazine.over-blog.com" "Mozilla/5.0 (Windows NT 6.1) AppleWebKit/537.36 (KHTML, like Gecko) Chrome/30.0.1599.13014 YaBrowser/13.12.1599.13014 Safari/537.36" "www.bgcsierrablanca.org"
31.184.238.152 - - [19/Oct/2014:23:01:37 -0700] "GET /logs/access.log HTTP/1.0" 200 21508 "http://buytetracycline.over-blog.com" "Mozilla/5.0 (Windows NT 6.1; WOW64) AppleWebKit/537.36 (KHTML, like Gecko) Chrome/33.0.1750.117 Safari/537.36 OPR/20.0.1387.64" "www.bgcsierrablanca.org"
98.138.19.134 - - [19/Oct/2014:23:07:33 -0700] "GET /logs/access.log HTTP/1.1" 200 21792 "http://progestogen-25mg-order-cheap.snack.ws" "Mozilla/5.0 (Windows NT 6.1; WOW64) AppleWebKit/537.36 (KHTML, like Gecko) Chrome/30.0.1599.12785 YaBrowser/13.12.1599.12785 Safari/537.36" "www.bgcsierrablanca.org"
157.55.39.239 - - [19/Oct/2014:23:11:01 -0700] "GET /sitemap.xml HTTP/1.1" 200 217 "-" "Mozilla/5.0 (compatible; bingbot/2.0; +http://www.bing.com/bingbot.htm)" "bgcsierrablanca.org"
31.184.238.152 - - [19/Oct/2014:23:13:23 -0700] "GET /logs/access.log HTTP/1.0" 200 22278 "http://pyridostigmine-order.snack.ws" "Mozilla/5.0 (Windows NT 6.1; WOW64) AppleWebKit/537.36 (KHTML, like Gecko) Chrome/33.0.1750.117 Safari/537.36" "www.bgcsierrablanca.org"
98.138.19.151 - - [19/Oct/2014:23:14:11 -0700] "GET /robots.txt HTTP/1.1" 200 46 "-" "Mozilla/5.0 (compatible; DotBot/1.1; http://www.opensiteexplorer.org/dotbot, help@moz.com)" "www.bgcsierrablanca.org"
31.184.238.152 - - [19/Oct/2014:23:19:12 -0700] "GET /logs/access.log HTTP/1.0" 200 22749 "http://capecitabinentm.aircus.com" "Opera/9.80 (Windows NT 6.1; WOW64) Presto/2.12.388 Version/12.15" "www.bgcsierrablanca.org"
31.184.238.152 - - [19/Oct/2014:23:25:20 -0700] "GET /logs/access.log HTTP/1.0" 200 22968 "http://orderforzest20mgwithoutprescription.soup.io" "Mozilla/5.0 (Windows NT 6.1; WOW64) AppleWebKit/537.36 (KHTML, like Gecko) Chrome/30.0.1599.13014 YaBrowser/13.12.1599.13014 Safari/537.36" "www.bgcsierrablanca.org"
98.138.19.151 - - [19/Oct/2014:23:31:26 -0700] "GET /logs/access.log HTTP/1.1" 200 23278 "http://cymbalta20mgj4b.forumcircle.com" "Mozilla/5.0 (Windows NT 6.0) AppleWebKit/537.36 (KHTML, like Gecko) Chrome/32.0.1700.107 Safari/537.36" "www.bgcsierrablanca.org"
31.184.238.152 - - [19/Oct/2014:23:37:29 -0700] "GET /logs/access.log HTTP/1.0" 200 23539 "http://gupyridostigmine.forumcircle.com" "Mozilla/5.0 (Windows NT 6.3; WOW64) AppleWebKit/537.36 (KHTML, like Gecko) Chrome/33.0.1750.117 Safari/537.36" "www.bgcsierrablanca.org"
31.184.238.152 - - [19/Oct/2014:23:43:32 -0700] "GET /logs/access.log HTTP/1.0" 200 23809 "http://order-sulfasalazine.soup.io" "Mozilla/5.0 (Windows NT 6.1; rv:26.0) Gecko/20100101 Firefox/26.0" "www.bgcsierrablanca.org"
31.184.238.152 - - [19/Oct/2014:23:49:39 -0700] "GET /logs/access.log HTTP/1.0" 200 24030 "http://buyprandinonlinenoscript.soup.io" "Mozilla/5.0 (Windows NT 6.1) AppleWebKit/537.36 (KHTML, like Gecko) Chrome/33.0.1750.146 Safari/537.36" "www.bgcsierrablanca.org"
31.184.238.152 - - [19/Oct/2014:23:55:54 -0700] "GET /logs/access.log HTTP/1.0" 200 24293 "http://orderofloxacinonlinesafely.over-blog.com" "Opera/9.80 (Windows NT 6.1) Presto/2.12.388 Version/12.16" "www.bgcsierrablanca.org"
31.184.238.152 - - [20/Oct/2014:00:01:56 -0700] "GET /logs/access.log HTTP/1.0" 200 24519 "http://ondansetronzj.forumcircle.com" "Mozilla/5.0 (Windows NT 6.1) AppleWebKit/537.36 (KHTML, like Gecko) Chrome/33.0.1750.146 Safari/537.36" "www.bgcsierrablanca.org"
98.138.19.151 - - [20/Oct/2014:00:07:48 -0700] "GET /logs/access.log HTTP/1.1" 200 24779 "http://ordernizoralwithoutscript.snack.ws" "Mozilla/5.0 (Windows NT 6.0) AppleWebKit/537.36 (KHTML, like Gecko) Chrome/33.0.1750.146 Safari/537.36" "www.bgcsierrablanca.org"
31.184.238.152 - - [20/Oct/2014:00:19:29 -0700] "GET /logs/access.log HTTP/1.0" 200 25043 "http://perindopril-4mg-buy.soup.io" "Mozilla/5.0 (Windows NT 6.0) AppleWebKit/537.36 (KHTML, like Gecko) Chrome/33.0.1750.146 Safari/537.36" "www.bgcsierrablanca.org"
31.184.238.152 - - [20/Oct/2014:00:25:30 -0700] "GET /logs/access.log HTTP/1.0" 200 25301 "http://nevirapine-order-no-rx.snack.ws" "Mozilla/5.0 (Windows NT 5.1) AppleWebKit/537.36 (KHTML, like Gecko) Chrome/32.0.1700.107 Safari/537.36" "www.bgcsierrablanca.org"
31.184.238.152 - - [20/Oct/2014:00:31:28 -0700] "GET /logs/access.log HTTP/1.0" 200 25563 "http://phenytoin-buy-without-rx.snack.ws" "Mozilla/5.0 (Windows NT 6.1) AppleWebKit/537.36 (KHTML, like Gecko) Chrome/30.0.1599.13014 YaBrowser/13.12.1599.13014 Safari/537.36" "www.bgcsierrablanca.org"
98.138.19.134 - - [20/Oct/2014:00:36:46 -0700] "GET /images/?M=D HTTP/1.1" 200 8083 "-" "Mozilla/5.0 (compatible; DotBot/1.1; http://www.opensiteexplorer.org/dotbot, help@moz.com)" "www.bgcsierrablanca.org"
208.115.113.83 - - [20/Oct/2014:00:36:46 -0700] "GET /tmp/?D=A HTTP/1.1" 200 960 "-" "Mozilla/5.0 (compatible; DotBot/1.1; http://www.opensiteexplorer.org/dotbot, help@moz.com)" "www.bgcsierrablanca.org"
208.115.113.83 - - [20/Oct/2014:00:36:46 -0700] "GET /wishlist.html HTTP/1.1" 200 11637 "-" "Mozilla/5.0 (compatible; DotBot/1.1; http://www.opensiteexplorer.org/dotbot, help@moz.com)" "www.bgcsierrablanca.org"
31.184.238.152 - - [20/Oct/2014:00:37:32 -0700] "GET /logs/access.log HTTP/1.0" 200 26478 "http://nimodipine30mgbfr.forumcircle.com" "Mozilla/5.0 (Windows NT 6.1; WOW64) AppleWebKit/537.36 (KHTML, like Gecko) Chrome/32.0.1700.107 Safari/537.36" "www.bgcsierrablanca.org"
31.184.238.152 - - [20/Oct/2014:00:43:46 -0700] "GET /logs/access.log HTTP/1.0" 200 26749 "http://buypiroxicam20mgonline.tumblr.com" "Mozilla/5.0 (Windows NT 6.1; WOW64) AppleWebKit/537.36 (KHTML, like Gecko) Chrome/30.0.1599.13014 YaBrowser/13.12.1599.13014 Safari/537.36" "www.bgcsierrablanca.org"
31.184.238.152 - - [20/Oct/2014:00:49:55 -0700] "GET /logs/access.log HTTP/1.0" 200 27049 "http://order-cefpodoxime-online.snack.ws" "Mozilla/5.0 (Windows NT 5.1) AppleWebKit/537.36 (KHTML, like Gecko) Chrome/33.0.1750.146 Safari/537.36" "www.bgcsierrablanca.org"
157.55.39.43 - - [20/Oct/2014:00:51:17 -0700] "GET /navigation_bars/navbar.nav HTTP/1.1" 200 10404 "-" "Mozilla/5.0 (compatible; bingbot/2.0; +http://www.bing.com/bingbot.htm)" "www.bgcsierrablanca.org"
98.138.19.134 - - [20/Oct/2014:00:56:05 -0700] "GET /logs/access.log HTTP/1.1" 200 27516 "http://buyzocor10mgonlinewithoutrx.soup.io" "Mozilla/5.0 (Windows NT 6.1; WOW64) AppleWebKit/537.36 (KHTML, like Gecko) Chrome/32.0.1700.76 Safari/537.36" "www.bgcsierrablanca.org"
31.184.238.152 - - [20/Oct/2014:01:02:19 -0700] "GET /logs/access.log HTTP/1.0" 200 27787 "http://9qaceon2mg.forumcircle.com" "Mozilla/5.0 (Windows NT 6.3; WOW64) AppleWebKit/537.36 (KHTML, like Gecko) Chrome/33.0.1750.117 Safari/537.36" "www.bgcsierrablanca.org"
98.138.19.134 - - [20/Oct/2014:01:08:28 -0700] "GET /logs/access.log HTTP/1.1" 200 28051 "http://buy-repaglinide-1mg-safely.soup.io" "Mozilla/5.0 (Windows NT 5.1) AppleWebKit/537.36 (KHTML, like Gecko) Chrome/33.0.1750.146 Safari/537.36" "www.bgcsierrablanca.org"
208.115.111.66 - - [20/Oct/2014:01:09:19 -0700] "GET /robots.txt HTTP/1.1" 200 46 "-" "Mozilla/5.0 (compatible; DotBot/1.1; http://www.opensiteexplorer.org/dotbot, help@moz.com)" "www.bgcsierrablanca.org"
31.184.238.152 - - [20/Oct/2014:01:14:38 -0700] "GET /logs/access.log HTTP/1.0" 200 28520 "http://orderzybanonlinewholesale.soup.io" "Mozilla/5.0 (Windows NT 6.0) AppleWebKit/537.36 (KHTML, like Gecko) Chrome/33.0.1750.146 Safari/537.36" "www.bgcsierrablanca.org"
98.138.19.151 - - [20/Oct/2014:01:26:33 -0700] "GET /logs/access.log HTTP/1.1" 200 28784 "http://acetazolamide-order.aircus.com" "Mozilla/5.0 (Windows NT 6.1; WOW64) AppleWebKit/537.36 (KHTML, like Gecko) Chrome/33.0.1750.146 Safari/537.36" "www.bgcsierrablanca.org"
31.184.238.152 - - [20/Oct/2014:01:32:27 -0700] "GET /logs/access.log HTTP/1.0" 200 29051 "http://ordermethylcobalamin.snack.ws" "Mozilla/5.0 (Windows NT 6.1) AppleWebKit/537.36 (KHTML, like Gecko) Chrome/30.0.1599.13014 YaBrowser/13.12.1599.13014 Safari/537.36" "www.bgcsierrablanca.org"
98.138.19.134 - - [20/Oct/2014:01:38:26 -0700] "GET /logs/access.log HTTP/1.1" 200 29340 "http://buy-lovastatin-20mg-cheap.soup.io" "Mozilla/5.0 (Windows NT 6.3; WOW64; rv:26.0) Gecko/20100101 Firefox/26.0" "www.bgcsierrablanca.org"
31.184.238.152 - - [20/Oct/2014:01:44:18 -0700] "GET /logs/access.log HTTP/1.0" 200 29573 "http://buylincomycin.aircus.com" "Mozilla/5.0 (Windows NT 6.1) AppleWebKit/537.36 (KHTML, like Gecko) Chrome/30.0.1599.13014 YaBrowser/13.12.1599.13014 Safari/537.36" "www.bgcsierrablanca.org"
31.184.238.152 - - [20/Oct/2014:01:50:19 -0700] "GET /logs/access.log HTTP/1.0" 200 29857 "http://sepioglitazone15mg.over-blog.com" "Opera/9.80 (Windows NT 6.1) Presto/2.12.388 Version/12.16" "www.bgcsierrablanca.org"
31.184.238.152 - - [20/Oct/2014:01:56:16 -0700] "GET /logs/access.log HTTP/1.0" 200 30075 "http://orderpropranololonlinefastshipping.soup.io" "Mozilla/5.0 (Windows NT 6.1; WOW64) AppleWebKit/537.36 (KHTML, like Gecko) Chrome/33.0.1750.117 Safari/537.36" "www.bgcsierrablanca.org"
61.135.190.103 - - [20/Oct/2014:02:00:01 -0700] "GET / HTTP/1.1" 200 2368 "http://www.baidu.com/s?wd=BoysandGirlsClubofSierraBlanca" "Mozilla/5.0 (Windows; U; Windows NT 5.1; zh-CN; rv:1.9.2.15) Gecko/20110303 Firefox/3.6.15" "www.bgcsierrablanca.org"
31.184.238.152 - - [20/Oct/2014:02:02:09 -0700] "GET /logs/access.log HTTP/1.0" 200 30607 "http://buybimatoprost3mgch.soup.io" "Opera/9.80 (Windows NT 6.1; Win64; x64) Presto/2.12.388 Version/12.16" "www.bgcsierrablanca.org"
31.184.238.152 - - [20/Oct/2014:02:08:08 -0700] "GET /logs/access.log HTTP/1.0" 200 30832 "http://buy-divalproex-online.soup.io" "Mozilla/5.0 (Windows NT 6.3; WOW64) AppleWebKit/537.36 (KHTML, like Gecko) Chrome/32.0.1700.76 Safari/537.36" "www.bgcsierrablanca.org"
98.138.19.151 - - [20/Oct/2014:02:12:38 -0700] "GET /robots.txt HTTP/1.1" 200 46 "-" "Mozilla/5.0 (compatible; bingbot/2.0; +http://www.bing.com/bingbot.htm)" "www.bgcsierrablanca.org"
31.184.238.152 - - [20/Oct/2014:02:14:04 -0700] "GET /logs/access.log HTTP/1.0" 200 31283 "http://buyparlodelwithoutprescript.snack.ws" "Mozilla/5.0 (Windows NT 6.1; WOW64) AppleWebKit/537.36 (KHTML, like Gecko) Chrome/32.0.1700.107 Safari/537.36 OPR/19.0.1326.63" "www.bgcsierrablanca.org"
31.184.238.152 - - [20/Oct/2014:02:25:57 -0700] "GET /logs/access.log HTTP/1.0" 200 31574 "http://buyimipramine75mglowprice.snack.ws" "Mozilla/5.0 (Windows NT 6.1; WOW64) AppleWebKit/537.36 (KHTML, like Gecko) Chrome/31.0.1650.63 Safari/537.36 OPR/18.0.1284.68" "www.bgcsierrablanca.org"
31.184.238.152 - - [20/Oct/2014:02:31:55 -0700] "GET /logs/access.log HTTP/1.0" 200 31862 "http://periactin-order-online.snack.ws" "Mozilla/5.0 (Windows NT 6.2; WOW64; rv:27.0) Gecko/20100101 Firefox/27.0" "www.bgcsierrablanca.org"
31.184.238.152 - - [20/Oct/2014:02:37:53 -0700] "GET /logs/access.log HTTP/1.0" 200 32094 "http://buypropecia1mgonlinelowprice.soup.io" "Mozilla/5.0 (Windows NT 5.1) AppleWebKit/537.36 (KHTML, like Gecko) Chrome/32.0.1700.76 Safari/537.36" "www.bgcsierrablanca.org"
31.184.238.152 - - [20/Oct/2014:02:43:55 -0700] "GET /logs/access.log HTTP/1.0" 200 32360 "http://buyclotrimazolequickshipping.over-blog.com" "Mozilla/5.0 (Windows NT 6.3; WOW64) AppleWebKit/537.36 (KHTML, like Gecko) Chrome/33.0.1750.117 Safari/537.36" "www.bgcsierrablanca.org"
98.138.19.134 - - [20/Oct/2014:02:49:54 -0700] "GET /logs/access.log HTTP/1.1" 200 32640 "http://fexofenadine-120mg-order.snack.ws" "Mozilla/5.0 (Windows NT 6.1; rv:26.0) Gecko/20100101 Firefox/26.0" "www.bgcsierrablanca.org"
31.184.238.152 - - [20/Oct/2014:02:55:57 -0700] "GET /logs/access.log HTTP/1.0" 200 32866 "http://montelukast-buy-no-rx.soup.io" "Mozilla/5.0 (Windows NT 6.0) AppleWebKit/537.36 (KHTML, like Gecko) Chrome/32.0.1700.107 Safari/537.36" "www.bgcsierrablanca.org"
98.138.19.134 - - [20/Oct/2014:03:02:03 -0700] "GET /logs/access.log HTTP/1.1" 200 33126 "http://ordersustivaph.forumcircle.com" "Mozilla/5.0 (Windows NT 6.1; WOW64) AppleWebKit/537.36 (KHTML, like Gecko) Chrome/32.0.1700.102 Safari/537.36 OPR/19.0.1326.59" "www.bgcsierrablanca.org"
31.184.238.152 - - [20/Oct/2014:03:07:50 -0700] "GET /logs/access.log HTTP/1.0" 200 33410 "http://bactrim-400mg-buy-no-rx.soup.io" "Mozilla/5.0 (Windows NT 6.1; rv:27.0) Gecko/20100101 Firefox/27.0" "www.bgcsierrablanca.org"
98.138.19.134 - - [20/Oct/2014:03:13:46 -0700] "GET /logs/access.log HTTP/1.1" 200 33635 "http://order-cipro-1000mg.soup.io" "Mozilla/5.0 (Windows NT 6.1; WOW64) AppleWebKit/537.36 (KHTML, like Gecko) Chrome/33.0.1750.146 Safari/537.36" "www.bgcsierrablanca.org"
98.138.19.134 - - [20/Oct/2014:03:19:41 -0700] "GET /logs/access.log HTTP/1.1" 200 33898 "http://tamsulosines.forumcircle.com" "Opera/9.80 (Windows NT 5.1) Presto/2.12.388 Version/12.16" "www.bgcsierrablanca.org"
31.184.238.152 - - [20/Oct/2014:03:25:43 -0700] "GET /logs/access.log HTTP/1.0" 200 34111 "http://buyramipril5mgnoprescript.soup.io" "Mozilla/5.0 (Windows NT 6.1; WOW64) AppleWebKit/537.36 (KHTML, like Gecko) Chrome/30.0.1599.13014 YaBrowser/13.12.1599.13014 Safari/537.36" "www.bgcsierrablanca.org"
183.60.213.7 - - [20/Oct/2014:03:28:44 -0700] "GET /robots.txt HTTP/1.1" 200 62 "-" "Mozilla/5.0 (compatible; EasouSpider; +http://www.easou.com/search/spider.html)" "www.bgcsierrablanca.org"
31.184.238.152 - - [20/Oct/2014:03:31:46 -0700] "GET /logs/access.log HTTP/1.0" 200 34603 "http://ikgcytoxan50mg.forumcircle.com" "Mozilla/5.0 (Windows NT 6.2; WOW64) AppleWebKit/537.36 (KHTML, like Gecko) Chrome/32.0.1700.76 Safari/537.36" "www.bgcsierrablanca.org"
98.138.19.134 - - [20/Oct/2014:03:37:46 -0700] "GET /logs/access.log HTTP/1.1" 200 34870 "http://orderfinasteride.soup.io" "Mozilla/5.0 (Windows NT 6.1) AppleWebKit/537.36 (KHTML, like Gecko) Chrome/33.0.1750.146 Safari/537.36" "www.bgcsierrablanca.org"
98.138.19.91 - - [20/Oct/2014:03:53:20 -0700] "GET / HTTP/1.1" 200 2368 "-" "Mozilla/5.0 (compatible; bingbot/2.0; +http://www.bing.com/bingbot.htm)" "bgcsierrablanca.org"
98.138.19.90 - - [20/Oct/2014:03:55:55 -0700] "GET /logs/access.log HTTP/1.1" 200 35296 "http://zocor-order-no-prescription.snack.ws" "Mozilla/5.0 (Windows NT 6.1; WOW64; rv:26.0) Gecko/20100101 Firefox/26.0" "www.bgcsierrablanca.org"
98.138.19.90 - - [20/Oct/2014:04:01:58 -0700] "GET /logs/access.log HTTP/1.1" 200 35531 "http://orderclopidogrel.snack.ws" "Opera/9.80 (Windows NT 6.1; WOW64) Presto/2.12.388 Version/12.16" "www.bgcsierrablanca.org"
98.138.19.134 - - [20/Oct/2014:04:07:59 -0700] "GET /logs/access.log HTTP/1.1" 200 35747 "http://buysildenafilcitrateonlinecheap.snack.ws" "Mozilla/5.0 (Windows NT 6.3; WOW64) AppleWebKit/537.36 (KHTML, like Gecko) Chrome/33.0.1750.146 Safari/537.36" "www.bgcsierrablanca.org"
31.184.238.152 - - [20/Oct/2014:04:14:08 -0700] "GET /logs/access.log HTTP/1.0" 200 36024 "http://orderefavirenz500mg.snack.ws" "Mozilla/5.0 (Windows NT 6.1; WOW64; rv:27.0) Gecko/20100101 Firefox/27.0" "www.bgcsierrablanca.org"
31.184.238.152 - - [20/Oct/2014:04:20:15 -0700] "GET /logs/access.log HTTP/1.0" 200 36253 "http://arimidex-buy-no-rx.soup.io" "Opera/9.80 (Windows NT 5.1) Presto/2.12.388 Version/12.16" "www.bgcsierrablanca.org"
98.138.19.135 - - [20/Oct/2014:04:26:26 -0700] "GET /logs/access.log HTTP/1.1" 200 36465 "http://orderstromectolonlinecheap.snack.ws" "Mozilla/5.0 (Windows NT 6.1; WOW64) AppleWebKit/537.36 (KHTML, like Gecko) Chrome/30.0.1599.13014 YaBrowser/13.12.1599.13014 Safari/537.36" "www.bgcsierrablanca.org"
98.138.19.91 - - [20/Oct/2014:04:38:49 -0700] "GET /logs/access.log HTTP/1.1" 500 5155 "http://buyvardenafilonlinenl.soup.io" "Mozilla/5.0 (Windows NT 5.1) AppleWebKit/537.36 (KHTML, like Gecko) Chrome/32.0.1700.102 Safari/537.36" "www.bgcsierrablanca.org"
98.138.19.134 - - [20/Oct/2014:04:51:05 -0700] "GET /logs/access.log HTTP/1.1" 200 37023 "http://buymirtazapineonlinefastdelivery.soup.io" "Mozilla/5.0 (Windows NT 5.1; rv:26.0) Gecko/20100101 Firefox/26.0" "www.bgcsierrablanca.org"
98.138.19.90 - - [20/Oct/2014:04:57:04 -0700] "GET /logs/access.log HTTP/1.1" 500 5155 "http://buyalbuterol2mgse.aircus.com" "Mozilla/5.0 (Windows NT 6.1; WOW64) AppleWebKit/537.36 (KHTML, like Gecko) Chrome/33.0.1750.146 Safari/537.36" "www.bgcsierrablanca.org"
208.115.111.66 - - [20/Oct/2014:05:08:14 -0700] "GET /robots.txt HTTP/1.1" 200 46 "-" "Mozilla/5.0 (compatible; DotBot/1.1; http://www.opensiteexplorer.org/dotbot, help@moz.com)" "www.bgcsierrablanca.org"
31.184.238.152 - - [20/Oct/2014:05:09:18 -0700] "GET /logs/access.log HTTP/1.0" 200 37724 "http://orderrequip1mgonline.snack.ws" "Mozilla/5.0 (Windows NT 5.1) AppleWebKit/537.36 (KHTML, like Gecko) Chrome/32.0.1700.107 Safari/537.36" "www.bgcsierrablanca.org"
98.138.19.91 - - [20/Oct/2014:05:12:24 -0700] "GET / HTTP/1.1" 200 2368 "http://l.facebook.com/l.php?u=http%3A%2F%2Fwww.bgcsierrablanca.org%2F&h=KAQEM0RhB&enc=AZOx2t1aEtw-L_HdivCB_xNmLZTObgzkb54NrGE7Jz683gQhOpm-GWQE-BItf0dDUzt_TI39q0Cdc9-OiB9hjbFSld2fJqML6rf4KlHrkmiC9Q&s=1" "Mozilla/5.0 (Windows NT 6.1; WOW64; Trident/7.0; rv:11.0) like Gecko" "www.bgcsierrablanca.org"
98.138.19.91 - - [20/Oct/2014:05:12:24 -0700] "GET /sitebuilder/images/navbar-0-active-82156.png HTTP/1.1" 200 717 "http://www.bgcsierrablanca.org/" "Mozilla/5.0 (Windows NT 6.1; WOW64; Trident/7.0; rv:11.0) like Gecko" "www.bgcsierrablanca.org"
74.211.80.163 - - [20/Oct/2014:05:12:24 -0700] "GET /sitebuilder/images/navbar-1-inactive-11921.png HTTP/1.1" 200 813 "http://www.bgcsierrablanca.org/" "Mozilla/5.0 (Windows NT 6.1; WOW64; Trident/7.0; rv:11.0) like Gecko" "www.bgcsierrablanca.org"
74.211.80.163 - - [20/Oct/2014:05:12:25 -0700] "GET /sitebuilder/images/navbar-3-inactive-71437.png HTTP/1.1" 200 896 "http://www.bgcsierrablanca.org/" "Mozilla/5.0 (Windows NT 6.1; WOW64; Trident/7.0; rv:11.0) like Gecko" "www.bgcsierrablanca.org"
98.138.19.91 - - [20/Oct/2014:05:12:25 -0700] "GET /sitebuilder/images/navbar-6-inactive-76187.png HTTP/1.1" 200 681 "http://www.bgcsierrablanca.org/" "Mozilla/5.0 (Windows NT 6.1; WOW64; Trident/7.0; rv:11.0) like Gecko" "www.bgcsierrablanca.org"
98.138.19.135 - - [20/Oct/2014:05:12:25 -0700] "GET /sitebuilder/images/navbar-2-inactive-12062.png HTTP/1.1" 200 759 "http://www.bgcsierrablanca.org/" "Mozilla/5.0 (Windows NT 6.1; WOW64; Trident/7.0; rv:11.0) like Gecko" "www.bgcsierrablanca.org"
74.211.80.163 - - [20/Oct/2014:05:12:25 -0700] "GET /sitebuilder/images/navbar-7-inactive-35843.png HTTP/1.1" 200 774 "http://www.bgcsierrablanca.org/" "Mozilla/5.0 (Windows NT 6.1; WOW64; Trident/7.0; rv:11.0) like Gecko" "www.bgcsierrablanca.org"
98.138.19.91 - - [20/Oct/2014:05:12:25 -0700] "GET /sitebuilder/images/navbar-10-inactive-93046.png HTTP/1.1" 200 862 "http://www.bgcsierrablanca.org/" "Mozilla/5.0 (Windows NT 6.1; WOW64; Trident/7.0; rv:11.0) like Gecko" "www.bgcsierrablanca.org"
98.138.19.135 - - [20/Oct/2014:05:12:25 -0700] "GET /sitebuilder/images/navbar-9-inactive-11281.png HTTP/1.1" 200 811 "http://www.bgcsierrablanca.org/" "Mozilla/5.0 (Windows NT 6.1; WOW64; Trident/7.0; rv:11.0) like Gecko" "www.bgcsierrablanca.org"
74.211.80.163 - - [20/Oct/2014:05:12:25 -0700] "GET /sitebuilder/images/navbar-8-inactive-18203.png HTTP/1.1" 200 854 "http://www.bgcsierrablanca.org/" "Mozilla/5.0 (Windows NT 6.1; WOW64; Trident/7.0; rv:11.0) like Gecko" "www.bgcsierrablanca.org"
98.138.19.91 - - [20/Oct/2014:05:12:25 -0700] "GET /sitebuilder/images/BGCA_GFSH_VERT_CLR-530x173.jpg HTTP/1.1" 200 15035 "http://www.bgcsierrablanca.org/" "Mozilla/5.0 (Windows NT 6.1; WOW64; Trident/7.0; rv:11.0) like Gecko" "www.bgcsierrablanca.org"
74.211.80.163 - - [20/Oct/2014:05:12:25 -0700] "GET /sitebuilder/images/navbar-5-inactive-37281.png HTTP/1.1" 200 753 "http://www.bgcsierrablanca.org/" "Mozilla/5.0 (Windows NT 6.1; WOW64; Trident/7.0; rv:11.0) like Gecko" "www.bgcsierrablanca.org"
98.138.19.135 - - [20/Oct/2014:05:12:25 -0700] "GET /sitebuilder/images/thumbnail-112x108.jpg HTTP/1.1" 200 5293 "http://www.bgcsierrablanca.org/" "Mozilla/5.0 (Windows NT 6.1; WOW64; Trident/7.0; rv:11.0) like Gecko" "www.bgcsierrablanca.org"
74.211.80.163 - - [20/Oct/2014:05:12:25 -0700] "GET /sitebuilder/images/navbar-4-inactive-76468.png HTTP/1.1" 200 853 "http://www.bgcsierrablanca.org/" "Mozilla/5.0 (Windows NT 6.1; WOW64; Trident/7.0; rv:11.0) like Gecko" "www.bgcsierrablanca.org"
74.211.80.163 - - [20/Oct/2014:05:12:25 -0700] "GET /sitebuilder/images/minds_under_construction-105x105.jpg HTTP/1.1" 200 3781 "http://www.bgcsierrablanca.org/" "Mozilla/5.0 (Windows NT 6.1; WOW64; Trident/7.0; rv:11.0) like Gecko" "www.bgcsierrablanca.org"
74.211.80.163 - - [20/Oct/2014:05:12:25 -0700] "GET /sitebuilder/images/poster1-center-001-165x104.jpg HTTP/1.1" 200 5971 "http://www.bgcsierrablanca.org/" "Mozilla/5.0 (Windows NT 6.1; WOW64; Trident/7.0; rv:11.0) like Gecko" "www.bgcsierrablanca.org"
74.211.80.163 - - [20/Oct/2014:05:12:25 -0700] "GET /favicon.ico HTTP/1.1" 404 89 "-" "Mozilla/5.0 (Windows NT 6.1; WOW64; Trident/7.0; rv:11.0) like Gecko" "www.bgcsierrablanca.org"
74.211.80.163 - - [20/Oct/2014:05:12:27 -0700] "GET /sitebuilder/images/navbar-9-mouseOver-11375.png HTTP/1.1" 200 778 "http://www.bgcsierrablanca.org/" "Mozilla/5.0 (Windows NT 6.1; WOW64; Trident/7.0; rv:11.0) like Gecko" "www.bgcsierrablanca.org"
74.211.80.163 - - [20/Oct/2014:05:12:27 -0700] "GET /sitebuilder/images/navbar-10-mouseOver-93125.png HTTP/1.1" 200 827 "http://www.bgcsierrablanca.org/" "Mozilla/5.0 (Windows NT 6.1; WOW64; Trident/7.0; rv:11.0) like Gecko" "www.bgcsierrablanca.org"
74.211.80.163 - - [20/Oct/2014:05:12:28 -0700] "GET /sitebuilder/images/navbar-10-mouseOver-93125.png HTTP/1.1" 200 827 "http://www.bgcsierrablanca.org/" "Mozilla/5.0 (Windows NT 6.1; WOW64; Trident/7.0; rv:11.0) like Gecko" "www.bgcsierrablanca.org"
74.211.80.163 - - [20/Oct/2014:05:12:28 -0700] "GET /contactus.html HTTP/1.1" 200 2177 "http://www.bgcsierrablanca.org/" "Mozilla/5.0 (Windows NT 6.1; WOW64; Trident/7.0; rv:11.0) like Gecko" "www.bgcsierrablanca.org"
98.138.19.91 - - [20/Oct/2014:05:12:28 -0700] "GET /sitebuilder/images/navbar-10-active-93078.png HTTP/1.1" 200 857 "http://www.bgcsierrablanca.org/contactus.html" "Mozilla/5.0 (Windows NT 6.1; WOW64; Trident/7.0; rv:11.0) like Gecko" "www.bgcsierrablanca.org"
74.211.80.163 - - [20/Oct/2014:05:12:28 -0700] "GET /sitebuilder/images/navbar-0-inactive-82109.png HTTP/1.1" 200 722 "http://www.bgcsierrablanca.org/contactus.html" "Mozilla/5.0 (Windows NT 6.1; WOW64; Trident/7.0; rv:11.0) like Gecko" "www.bgcsierrablanca.org"
74.211.80.163 - - [20/Oct/2014:05:12:29 -0700] "GET /favicon.ico HTTP/1.1" 404 89 "-" "Mozilla/5.0 (Windows NT 6.1; WOW64; Trident/7.0; rv:11.0) like Gecko" "www.bgcsierrablanca.org"
74.211.80.163 - - [20/Oct/2014:05:12:30 -0700] "GET /sitebuilder/images/navbar-10-active-93078.png HTTP/1.1" 200 857 "http://www.bgcsierrablanca.org/contactus.html" "Mozilla/5.0 (Windows NT 6.1; WOW64; Trident/7.0; rv:11.0) like Gecko" "www.bgcsierrablanca.org"
74.211.80.163 - - [20/Oct/2014:05:12:30 -0700] "GET /sitebuilder/images/navbar-8-mouseOver-18281.png HTTP/1.1" 200 823 "http://www.bgcsierrablanca.org/contactus.html" "Mozilla/5.0 (Windows NT 6.1; WOW64; Trident/7.0; rv:11.0) like Gecko" "www.bgcsierrablanca.org"
98.138.19.135 - - [20/Oct/2014:05:12:30 -0700] "GET /sitebuilder/images/navbar-6-mouseOver-76296.png HTTP/1.1" 200 640 "http://www.bgcsierrablanca.org/contactus.html" "Mozilla/5.0 (Windows NT 6.1; WOW64; Trident/7.0; rv:11.0) like Gecko" "www.bgcsierrablanca.org"
74.211.80.163 - - [20/Oct/2014:05:12:30 -0700] "GET /sitebuilder/images/navbar-7-mouseOver-35953.png HTTP/1.1" 200 741 "http://www.bgcsierrablanca.org/contactus.html" "Mozilla/5.0 (Windows NT 6.1; WOW64; Trident/7.0; rv:11.0) like Gecko" "www.bgcsierrablanca.org"
98.138.19.135 - - [20/Oct/2014:05:15:22 -0700] "GET /logs/access.log HTTP/1.1" 500 5155 "http://buy-isosorbide-without-rx.snack.ws" "Mozilla/5.0 (Windows NT 6.1; WOW64) AppleWebKit/537.36 (KHTML, like Gecko) Chrome/31.0.1650.63 Safari/537.36 OPR/18.0.1284.68" "www.bgcsierrablanca.org"
176.102.38.73 - - [20/Oct/2014:05:15:25 -0700] "GET /cgi-sys/entropysearch.cgi HTTP/1.1" 404 73 "-" "Mozilla/5.0 (Windows NT 5.1; rv:23.0) Gecko/20100101 Firefox/20.0" "bgcsierrablanca.org"
176.102.38.73 - - [20/Oct/2014:05:15:27 -0700] "GET /cgi-bin/ HTTP/1.1" 404 73 "-" "Mozilla/5.0 (Windows NT 5.1; rv:23.0) Gecko/20100101 Firefox/20.0" "bgcsierrablanca.org"
98.138.19.91 - - [20/Oct/2014:05:15:28 -0700] "GET / HTTP/1.1" 500 5059 "-" "Mozilla/5.0 (Windows NT 5.1; rv:23.0) Gecko/20100101 Firefox/20.0" "bgcsierrablanca.org"
98.138.19.151 - - [20/Oct/2014:05:15:30 -0700] "GET /cgi-sys/defaultwebpage.cgi HTTP/1.1" 500 5203 "-" "Mozilla/5.0 (Windows NT 5.1; rv:23.0) Gecko/20100101 Firefox/20.0" "bgcsierrablanca.org"
176.102.38.73 - - [20/Oct/2014:05:15:31 -0700] "GET /cgi-mod/index.cgi HTTP/1.1" 404 73 "-" "Mozilla/5.0 (Windows NT 5.1; rv:23.0) Gecko/20100101 Firefox/20.0" "bgcsierrablanca.org"
98.138.19.135 - - [20/Oct/2014:05:15:33 -0700] "GET /cgi-bin/test.cgi HTTP/1.1" 500 5147 "-" "Mozilla/5.0 (Windows NT 5.1; rv:23.0) Gecko/20100101 Firefox/20.0" "bgcsierrablanca.org"
98.138.19.151 - - [20/Oct/2014:05:15:35 -0700] "GET /cgi-bin-sdb/printenv HTTP/1.1" 500 5171 "-" "Mozilla/5.0 (Windows NT 5.1; rv:23.0) Gecko/20100101 Firefox/20.0" "bgcsierrablanca.org"
31.184.238.152 - - [20/Oct/2014:05:21:29 -0700] "GET /logs/access.log HTTP/1.0" 200 46574 "http://buyartane2mg.soup.io" "Mozilla/5.0 (X11; Linux i686; rv:18.0) Gecko/20100101 Firefox/18.0 Iceweasel/18.0.1" "www.bgcsierrablanca.org"
31.184.238.152 - - [20/Oct/2014:05:27:30 -0700] "GET /logs/access.log HTTP/1.0" 200 46806 "http://buypromethazinewithoutprescript.soup.io" "Mozilla/5.0 (Windows NT 6.1; WOW64) AppleWebKit/537.36 (KHTML, like Gecko) Chrome/33.0.1750.146 Safari/537.36" "www.bgcsierrablanca.org"
31.184.238.152 - - [20/Oct/2014:05:33:31 -0700] "GET /logs/access.log HTTP/1.0" 200 47083 "http://buy-disulfiram-500mg-without-prescription.soup.io" "Mozilla/5.0 (Windows NT 6.1; WOW64) AppleWebKit/537.36 (KHTML, like Gecko) Chrome/30.0.1599.13014 YaBrowser/13.12.1599.13014 Safari/537.36" "www.bgcsierrablanca.org"
31.184.238.152 - - [20/Oct/2014:05:39:36 -0700] "GET /logs/access.log HTTP/1.0" 200 47399 "http://order-sotalol-cheap.soup.io" "Mozilla/5.0 (Windows NT 6.0) AppleWebKit/537.36 (KHTML, like Gecko) Chrome/33.0.1750.146 Safari/537.36" "www.bgcsierrablanca.org"
98.138.19.151 - - [20/Oct/2014:05:45:36 -0700] "GET /logs/access.log HTTP/1.1" 500 5155 "http://loxapine-order-online.snack.ws" "Mozilla/5.0 (Windows NT 5.1) AppleWebKit/537.36 (KHTML, like Gecko) Chrome/32.0.1700.107 Safari/537.36" "www.bgcsierrablanca.org"
31.184.238.152 - - [20/Oct/2014:05:51:33 -0700] "GET /logs/access.log HTTP/1.0" 200 47916 "http://buyminocyclineus.soup.io" "Opera/9.80 (Windows NT 6.1) Presto/2.12.388 Version/12.16" "www.bgcsierrablanca.org"
98.138.19.151 - - [20/Oct/2014:05:57:17 -0700] "GET /logs/access.log HTTP/1.1" 500 5155 "http://order-diltiazem-cheap.soup.io" "Mozilla/5.0 (Windows NT 6.1; WOW64) AppleWebKit/537.36 (KHTML, like Gecko) Chrome/32.0.1700.76 Safari/537.36" "www.bgcsierrablanca.org"
31.184.238.152 - - [20/Oct/2014:06:03:17 -0700] "GET /logs/access.log HTTP/1.0" 200 48390 "http://orderspironolactoneonlinecheap.snack.ws" "Mozilla/5.0 (Windows NT 6.1; rv:27.0) Gecko/20100101 Firefox/27.0" "www.bgcsierrablanca.org"
31.184.238.152 - - [20/Oct/2014:06:09:23 -0700] "GET /logs/access.log HTTP/1.0" 200 48623 "http://orderretrovironlinept.soup.io" "Mozilla/5.0 (Windows NT 6.1) AppleWebKit/537.36 (KHTML, like Gecko) Chrome/32.0.1700.107 Safari/537.36" "www.bgcsierrablanca.org"
98.138.19.151 - - [20/Oct/2014:06:21:25 -0700] "GET /logs/access.log HTTP/1.1" 200 48883 "http://ordercefdinirnorx.tumblr.com" "Opera/9.80 (Windows NT 6.1; WOW64) Presto/2.12.388 Version/12.16" "www.bgcsierrablanca.org"
98.138.19.135 - - [20/Oct/2014:06:27:25 -0700] "GET /logs/access.log HTTP/1.1" 500 5155 "http://order-telmisartan-no-prescription.snack.ws" "Mozilla/5.0 (Windows NT 6.1; WOW64) AppleWebKit/537.36 (KHTML, like Gecko) Chrome/33.0.1750.117 Safari/537.36" "www.bgcsierrablanca.org"
208.115.111.66 - - [20/Oct/2014:06:31:33 -0700] "GET /clipart/buttons/sets/lightblue_solid/?N=D HTTP/1.1" 200 1351 "-" "Mozilla/5.0 (compatible; DotBot/1.1; http://www.opensiteexplorer.org/dotbot, help@moz.com)" "www.bgcsierrablanca.org"
31.184.238.152 - - [20/Oct/2014:06:33:26 -0700] "GET /logs/access.log HTTP/1.0" 200 49619 "http://buyestradiol2mgnoscript.tumblr.com" "Mozilla/5.0 (Windows NT 6.0) AppleWebKit/537.36 (KHTML, like Gecko) Chrome/32.0.1700.107 Safari/537.36" "www.bgcsierrablanca.org"
